Component: Arm Compiler for Embedded 6.24 Tool: armlink [5f371500]

==============================================================================

Section Cross References

    startup_stm32l073xx.o(STACK) refers (Special) to heapauxi.o(.text) for __use_two_region_memory
    startup_stm32l073xx.o(HEAP) refers (Special) to heapauxi.o(.text) for __use_two_region_memory
    startup_stm32l073xx.o(RESET) refers (Special) to heapauxi.o(.text) for __use_two_region_memory
    startup_stm32l073xx.o(RESET) refers to startup_stm32l073xx.o(STACK) for __initial_sp
    startup_stm32l073xx.o(RESET) refers to startup_stm32l073xx.o(.text) for Reset_Handler
    startup_stm32l073xx.o(RESET) refers to stm32l0xx_it.o(.text.NMI_Handler) for NMI_Handler
    startup_stm32l073xx.o(RESET) refers to stm32l0xx_it.o(.text.HardFault_Handler) for HardFault_Handler
    startup_stm32l073xx.o(RESET) refers to stm32l0xx_it.o(.text.SVC_Handler) for SVC_Handler
    startup_stm32l073xx.o(RESET) refers to stm32l0xx_it.o(.text.PendSV_Handler) for PendSV_Handler
    startup_stm32l073xx.o(RESET) refers to stm32l0xx_it.o(.text.SysTick_Handler) for SysTick_Handler
    startup_stm32l073xx.o(RESET) refers to stm32l0xx_it.o(.text.DMA1_Channel1_IRQHandler) for DMA1_Channel1_IRQHandler
    startup_stm32l073xx.o(.text) refers (Special) to heapauxi.o(.text) for __use_two_region_memory
    startup_stm32l073xx.o(.text) refers to system_stm32l0xx.o(.text.SystemInit) for SystemInit
    startup_stm32l073xx.o(.text) refers to __main.o(!!!main) for __main
    startup_stm32l073xx.o(.text) refers to startup_stm32l073xx.o(HEAP) for Heap_Mem
    startup_stm32l073xx.o(.text) refers to startup_stm32l073xx.o(STACK) for Stack_Mem
    main.o(.text.Read_ADC_Channel) refers to stm32l0xx_hal_adc.o(.text.HAL_ADC_ConfigChannel) for HAL_ADC_ConfigChannel
    main.o(.text.Read_ADC_Channel) refers to main.o(.text.Error_Handler) for Error_Handler
    main.o(.text.Read_ADC_Channel) refers to stm32l0xx_hal_adc.o(.text.HAL_ADC_Start) for HAL_ADC_Start
    main.o(.text.Read_ADC_Channel) refers to stm32l0xx_hal_adc.o(.text.HAL_ADC_PollForConversion) for HAL_ADC_PollForConversion
    main.o(.text.Read_ADC_Channel) refers to stm32l0xx_hal_adc.o(.text.HAL_ADC_GetValue) for HAL_ADC_GetValue
    main.o(.text.Read_ADC_Channel) refers to stm32l0xx_hal_adc.o(.text.HAL_ADC_Stop) for HAL_ADC_Stop
    main.o(.text.Read_ADC_Channel) refers to adc.o(.bss.hadc) for hadc
    main.o(.ARM.exidx.text.Read_ADC_Channel) refers to main.o(.text.Read_ADC_Channel) for [Anonymous Symbol]
    main.o(.ARM.exidx.text.Error_Handler) refers to main.o(.text.Error_Handler) for [Anonymous Symbol]
    main.o(.text.my_abs) refers to fcmp.o(i._fgeq) for __aeabi_fcmpge
    main.o(.ARM.exidx.text.my_abs) refers to main.o(.text.my_abs) for [Anonymous Symbol]
    main.o(.text.my_sqrt) refers to fcmp.o(i._fgr) for __aeabi_fcmpgt
    main.o(.text.my_sqrt) refers to fdiv.o(.text) for __aeabi_fdiv
    main.o(.text.my_sqrt) refers to faddsub.o(x$fpl$fadd) for __aeabi_fadd
    main.o(.text.my_sqrt) refers to fmul.o(x$fpl$fmul) for __aeabi_fmul
    main.o(.ARM.exidx.text.my_sqrt) refers to main.o(.text.my_sqrt) for [Anonymous Symbol]
    main.o(.text.Calculate_Current) refers to main.o(.text.Read_ADC_Channel) for Read_ADC_Channel
    main.o(.text.Calculate_Current) refers to fflti.o(.text) for __aeabi_ui2f
    main.o(.text.Calculate_Current) refers to fdiv.o(.text) for __aeabi_fdiv
    main.o(.text.Calculate_Current) refers to faddsub.o(x$fpl$fsub) for __aeabi_fsub
    main.o(.text.Calculate_Current) refers to main.o(.text.my_abs) for my_abs
    main.o(.text.Calculate_Current) refers to fcmp.o(i._fleq) for __aeabi_fcmple
    main.o(.text.Calculate_Current) refers to fmul.o(x$fpl$fmul) for __aeabi_fmul
    main.o(.text.Calculate_Current) refers to faddsub.o(x$fpl$fadd) for __aeabi_fadd
    main.o(.text.Calculate_Current) refers to main.o(.text.my_sqrt) for my_sqrt
    main.o(.text.Calculate_Current) refers to main.o(.data.using_low_range) for using_low_range
    main.o(.text.Calculate_Current) refers to main.o(.bss.high_samples) for high_samples
    main.o(.text.Calculate_Current) refers to main.o(.bss.low_samples) for low_samples
    main.o(.text.Calculate_Current) refers to main.o(.bss.irms_mA) for irms_mA
    main.o(.text.Calculate_Current) refers to main.o(.bss.iamp_mA) for iamp_mA
    main.o(.ARM.exidx.text.Calculate_Current) refers to main.o(.text.Calculate_Current) for [Anonymous Symbol]
    main.o(.text.Send_Result_UART) refers to f2d.o(.text) for __aeabi_f2d
    main.o(.text.Send_Result_UART) refers to sprintf.o(.text) for sprintf
    main.o(.text.Send_Result_UART) refers to strlen.o(.text) for strlen
    main.o(.text.Send_Result_UART) refers to stm32l0xx_hal_uart.o(.text.HAL_UART_Transmit) for HAL_UART_Transmit
    main.o(.text.Send_Result_UART) refers to main.o(.data.using_low_range) for using_low_range
[...]
    __arm_cp.0_0                             0x08005d04   Number         4  main.o(.text.Read_ADC_Channel)
    [Anonymous Symbol]                       0x08005d08   Section        0  stm32l0xx_it.o(.text.SVC_Handler)
    [Anonymous Symbol]                       0x08005d0c   Section        0  main.o(.text.Send_Result_OLED)
    __arm_cp.7_0                             0x08005da0   Number         4  main.o(.text.Send_Result_OLED)
    __arm_cp.7_4                             0x08005da4   Number         4  main.o(.text.Send_Result_OLED)
    __arm_cp.7_6                             0x08005da8   Number         4  main.o(.text.Send_Result_OLED)
    __arm_cp.7_7                             0x08005dac   Number         4  main.o(.text.Send_Result_OLED)
    __arm_cp.7_9                             0x08005db0   Number         4  main.o(.text.Send_Result_OLED)
    [Anonymous Symbol]                       0x08005db4   Section        0  main.o(.text.Send_Result_UART)
    __arm_cp.5_0                             0x08005e18   Number         4  main.o(.text.Send_Result_UART)
    __arm_cp.5_1                             0x08005e1c   Number         4  main.o(.text.Send_Result_UART)
    __arm_cp.5_2                             0x08005e20   Number         4  main.o(.text.Send_Result_UART)
    __arm_cp.5_3                             0x08005e24   Number         4  main.o(.text.Send_Result_UART)
    __arm_cp.5_4                             0x08005e28   Number         4  main.o(.text.Send_Result_UART)
    __arm_cp.5_5                             0x08005e2c   Number         4  main.o(.text.Send_Result_UART)
    __arm_cp.5_6                             0x08005e30   Number         4  main.o(.text.Send_Result_UART)
    __arm_cp.5_7                             0x08005e34   Number         4  main.o(.text.Send_Result_UART)
    SysTick_Config                           0x08005e39   Thumb Code    68  stm32l0xx_hal_cortex.o(.text.SysTick_Config)
    [Anonymous Symbol]                       0x08005e38   Section        0  stm32l0xx_hal_cortex.o(.text.SysTick_Config)
    __arm_cp.9_0                             0x08005e7c   Number         4  stm32l0xx_hal_cortex.o(.text.SysTick_Config)
    __arm_cp.9_1                             0x08005e80   Number         4  stm32l0xx_hal_cortex.o(.text.SysTick_Config)
    __arm_cp.9_2                             0x08005e84   Number         4  stm32l0xx_hal_cortex.o(.text.SysTick_Config)
    [Anonymous Symbol]                       0x08005e88   Section        0  stm32l0xx_it.o(.text.SysTick_Handler)
    [Anonymous Symbol]                       0x08005e90   Section        0  main.o(.text.SystemClock_Config)
    __arm_cp.9_0                             0x08005f28   Number         4  main.o(.text.SystemClock_Config)
    [Anonymous Symbol]                       0x08005f2c   Section        0  system_stm32l0xx.o(.text.SystemInit)
    TIM_Base_SetConfig                       0x08005f31   Thumb Code   196  stm32l0xx_hal_tim.o(.text.TIM_Base_SetConfig)
    [Anonymous Symbol]                       0x08005f30   Section        0  stm32l0xx_hal_tim.o(.text.TIM_Base_SetConfig)
    __arm_cp.2_0                             0x08005ff4   Number         4  stm32l0xx_hal_tim.o(.text.TIM_Base_SetConfig)
    __arm_cp.2_1                             0x08005ff8   Number         4  stm32l0xx_hal_tim.o(.text.TIM_Base_SetConfig)
    __arm_cp.2_2                             0x08005ffc   Number         4  stm32l0xx_hal_tim.o(.text.TIM_Base_SetConfig)
    [Anonymous Symbol]                       0x08006000   Section        0  stm32l0xx_hal_uart.o(.text.UART_AdvFeatureConfig)
    [Anonymous Symbol]                       0x0800615c   Section        0  stm32l0xx_hal_uart.o(.text.UART_CheckIdleState)
    __arm_cp.4_0                             0x080062b4   Number         4  stm32l0xx_hal_uart.o(.text.UART_CheckIdleState)
    UART_EndRxTransfer                       0x080062b9   Thumb Code   176  stm32l0xx_hal_uart.o(.text.UART_EndRxTransfer)
    [Anonymous Symbol]                       0x080062b8   Section        0  stm32l0xx_hal_uart.o(.text.UART_EndRxTransfer)
    [Anonymous Symbol]                       0x08006368   Section        0  stm32l0xx_hal_uart.o(.text.UART_SetConfig)
    __arm_cp.3_16                            0x0800677c   Number         4  stm32l0xx_hal_uart.o(.text.UART_SetConfig)
    __arm_cp.3_17                            0x080067b4   Number         4  stm32l0xx_hal_uart.o(.text.UART_SetConfig)
    __arm_cp.3_0                             0x0800684c   Number         4  stm32l0xx_hal_uart.o(.text.UART_SetConfig)
    __arm_cp.3_3                             0x08006850   Number         4  stm32l0xx_hal_uart.o(.text.UART_SetConfig)
    __arm_cp.3_4                             0x08006854   Number         4  stm32l0xx_hal_uart.o(.text.UART_SetConfig)
    __arm_cp.3_5                             0x08006858   Number         4  stm32l0xx_hal_uart.o(.text.UART_SetConfig)
    __arm_cp.3_6                             0x0800685c   Number         4  stm32l0xx_hal_uart.o(.text.UART_SetConfig)
    __arm_cp.3_7                             0x08006860   Number         4  stm32l0xx_hal_uart.o(.text.UART_SetConfig)
    __arm_cp.3_8                             0x08006864   Number         4  stm32l0xx_hal_uart.o(.text.UART_SetConfig)
    __arm_cp.3_9                             0x08006868   Number         4  stm32l0xx_hal_uart.o(.text.UART_SetConfig)
    [Anonymous Symbol]                       0x0800686c   Section        0  stm32l0xx_hal_uart.o(.text.UART_WaitOnFlagUntilTimeout)
    __NVIC_EnableIRQ                         0x08006975   Thumb Code    40  stm32l0xx_hal_cortex.o(.text.__NVIC_EnableIRQ)
    [Anonymous Symbol]                       0x08006974   Section        0  stm32l0xx_hal_cortex.o(.text.__NVIC_EnableIRQ)
    __arm_cp.3_0                             0x0800699c   Number         4  stm32l0xx_hal_cortex.o(.text.__NVIC_EnableIRQ)
    __NVIC_SetPriority                       0x080069a1   Thumb Code   124  stm32l0xx_hal_cortex.o(.text.__NVIC_SetPriority)
    [Anonymous Symbol]                       0x080069a0   Section        0  stm32l0xx_hal_cortex.o(.text.__NVIC_SetPriority)
    __arm_cp.1_0                             0x08006a1c   Number         4  stm32l0xx_hal_cortex.o(.text.__NVIC_SetPriority)
    __arm_cp.1_1                             0x08006a20   Number         4  stm32l0xx_hal_cortex.o(.text.__NVIC_SetPriority)
    [Anonymous Symbol]                       0x08006a24   Section        0  main.o(.text.main)
    __arm_cp.8_0                             0x08006abc   Number         4  main.o(.text.main)
    __arm_cp.8_1                             0x08006ac0   Number         4  main.o(.text.main)
    __arm_cp.8_2                             0x08006ac4   Number         4  main.o(.text.main)
    __arm_cp.8_3                             0x08006ac8   Number         4  main.o(.text.main)
    [Anonymous Symbol]                       0x08006acc   Section        0  main.o(.text.my_abs)
    [Anonymous Symbol]                       0x08006af8   Section        0  main.o(.text.my_sqrt)
    i.__ARM_common_ll_muluu                  0x08006b56   Section        0  btod.o(i.__ARM_common_ll_muluu)
    i.__ARM_fpclassify                       0x08006b88   Section        0  fpclassify.o(i.__ARM_fpclassify)
    i._fgeq                                  0x08006bb4   Section        0  fcmp.o(i._fgeq)
    i._fgr                                   0x08006bca   Section        0  fcmp.o(i._fgr)
    i._fleq                                  0x08006be0   Section        0  fcmp.o(i._fleq)
    i._is_digit                              0x08006bfa   Section        0  __printf_wp.o(i._is_digit)
    locale$$code                             0x08006c08   Section       44  lc_numeric_c.o(locale$$code)
    locale$$code                             0x08006c34   Section       44  lc_ctype_c.o(locale$$code)
    x$fpl$fadd                               0x08006c60   Section      140  faddsub.o(x$fpl$fadd)
    _fadd1                                   0x08006c6d   Thumb Code     0  faddsub.o(x$fpl$fadd)
    x$fpl$fgeqf                              0x08006cec   Section       84  fgef.o(x$fpl$fgeqf)
    x$fpl$fleqf                              0x08006d40   Section       84  flef.o(x$fpl$fleqf)
    x$fpl$fmul                               0x08006d94   Section      176  fmul.o(x$fpl$fmul)
    x$fpl$fsub                               0x08006e44   Section      208  faddsub.o(x$fpl$fsub)
    _fsub1                                   0x08006e51   Thumb Code     0  faddsub.o(x$fpl$fsub)
    x$fpl$printf1                            0x08006f14   Section       16  printf1.o(x$fpl$printf1)
    x$fpl$printf2                            0x08006f24   Section       16  printf2.o(x$fpl$printf2)
    fdiv_tab                                 0x08006f34   Data          64  fdiv.o(.constdata)
    .constdata                               0x08006f34   Section       64  fdiv.o(.constdata)
    x$fpl$usenofp                            0x08006f34   Section        0  usenofp.o(x$fpl$usenofp)
    initial_mbstate                          0x08006f74   Data           8  _printf_wctomb.o(.constdata)
    .constdata                               0x08006f74   Section        8  _printf_wctomb.o(.constdata)
    uc_hextab                                0x08006f7c   Data          20  _printf_hex_int_ll_ptr.o(.constdata)
    .constdata                               0x08006f7c   Section       40  _printf_hex_int_ll_ptr.o(.constdata)
    lc_hextab                                0x08006f90   Data          20  _printf_hex_int_ll_ptr.o(.constdata)
    maptable                                 0x08006fa4   Data          17  __printf_flags_ss_wp.o(.constdata)
    .constdata                               0x08006fa4   Section       17  __printf_flags_ss_wp.o(.constdata)
    lc_hextab                                0x08006fb5   Data          19  _printf_fp_hex.o(.constdata)
    .constdata                               0x08006fb5   Section       38  _printf_fp_hex.o(.constdata)
    uc_hextab                                0x08006fc8   Data          19  _printf_fp_hex.o(.constdata)
    tenpwrs_x                                0x08006fdc   Data          60  bigflt0.o(.constdata)
    .constdata                               0x08006fdc   Section      148  bigflt0.o(.constdata)
    tenpwrs_i                                0x08007018   Data          64  bigflt0.o(.constdata)
    [Anonymous Symbol]                       0x08007091   Section        0  main.o(.rodata.str1.1)
    locale$$data                             0x08007128   Section       28  lc_numeric_c.o(locale$$data)
    __lcnum_c_name                           0x0800712c   Data           2  lc_numeric_c.o(locale$$data)
    __lcnum_c_start                          0x08007134   Data           0  lc_numeric_c.o(locale$$data)
    __lcnum_c_point                          0x08007140   Data           0  lc_numeric_c.o(locale$$data)
    __lcnum_c_thousands                      0x08007142   Data           0  lc_numeric_c.o(locale$$data)
    __lcnum_c_grouping                       0x08007143   Data           0  lc_numeric_c.o(locale$$data)
    __lcnum_c_end                            0x08007144   Data           0  lc_numeric_c.o(locale$$data)
    locale$$data                             0x08007144   Section      272  lc_ctype_c.o(locale$$data)
    __lcctype_c_name                         0x08007148   Data           2  lc_ctype_c.o(locale$$data)
    __lcctype_c_start                        0x08007150   Data           0  lc_ctype_c.o(locale$$data)
    __lcctype_c_end                          0x08007254   Data           0  lc_ctype_c.o(locale$$data)
    .bss                                     0x20000010   Section       96  libspace.o(.bss)
    oled_buffer                              0x2000055c   Data         512  ssd1306.o(.bss.oled_buffer)
    [Anonymous Symbol]                       0x2000055c   Section        0  ssd1306.o(.bss.oled_buffer)
    oled_i2c                                 0x2000075c   Data           4  ssd1306.o(.bss.oled_i2c)
    [Anonymous Symbol]                       0x2000075c   Section        0  ssd1306.o(.bss.oled_i2c)
    oled_page                                0x20000760   Data           1  ssd1306.o(.bss.oled_page)
    [Anonymous Symbol]                       0x20000760   Section        0  ssd1306.o(.bss.oled_page)
    oled_x                                   0x20000761   Data           1  ssd1306.o(.bss.oled_x)
    [Anonymous Symbol]                       0x20000761   Section        0  ssd1306.o(.bss.oled_x)
    Heap_Mem                                 0x200007e8   Data        1024  startup_stm32l073xx.o(HEAP)
    HEAP                                     0x200007e8   Section     1024  startup_stm32l073xx.o(HEAP)
    Stack_Mem                                0x20000be8   Data        2048  startup_stm32l073xx.o(STACK)
    STACK                                    0x20000be8   Section     2048  startup_stm32l073xx.o(STACK)
    __initial_sp                             0x200013e8   Data           0  startup_stm32l073xx.o(STACK)

    Global Symbols

    Symbol Name                              Value     Ov Type        Size  Object(Section)

    BuildAttributes$$THM_ISAv3M$S$PE$A:L22$X:L11$S22$IEEE1$IW$~IW$USESV6$~STKCKD$USESV7$~SHL$OTIME$ROPI$IEEEJ$EBA8$UX$STANDARDLIB$REQ8$PRES8$EABIv2 0x00000000   Number         0  anon$$obj.o ABSOLUTE
    _printf_flags                            0x00000000   Number         0  printf_stubs.o ABSOLUTE
    _printf_return_value                     0x00000000   Number         0  printf_stubs.o ABSOLUTE
    _printf_sizespec                         0x00000000   Number         0  printf_stubs.o ABSOLUTE
    _printf_widthprec                        0x00000000   Number         0  printf_stubs.o ABSOLUTE
    __ARM_exceptions_init                     - Undefined Weak Reference
    __alloca_initialize                       - Undefined Weak Reference
    __arm_preinit_                            - Undefined Weak Reference
    __arm_relocate_pie_                       - Undefined Weak Reference
    __cpp_initialize__aeabi_                  - Undefined Weak Reference
    __cxa_finalize                            - Undefined Weak Reference
    __sigvec_lookup                           - Undefined Weak Reference
    _atexit_init                              - Undefined Weak Reference
    _call_atexit_fns                          - Undefined Weak Reference
    _clock_init                               - Undefined Weak Reference
    _fp_trap_init                             - Undefined Weak Reference
    _fp_trap_shutdown                         - Undefined Weak Reference
    _get_lc_collate                           - Undefined Weak Reference
    _get_lc_monetary                          - Undefined Weak Reference
    _get_lc_time                              - Undefined Weak Reference
    _getenv_init                              - Undefined Weak Reference
    _handle_redirection                       - Undefined Weak Reference
    _init_alloc                               - Undefined Weak Reference
    _init_user_alloc                          - Undefined Weak Reference
    _initio                                   - Undefined Weak Reference
    _printf_mbtowc                            - Undefined Weak Reference
    _printf_wc                                - Undefined Weak Reference
    _rand_init                                - Undefined Weak Reference
    _signal_finish                            - Undefined Weak Reference
    _signal_init                              - Undefined Weak Reference
    _terminate_alloc                          - Undefined Weak Reference
    _terminate_user_alloc                     - Undefined Weak Reference
    _terminateio                              - Undefined Weak Reference
    __Vectors_Size                           0x000000c0   Number         0  startup_stm32l073xx.o ABSOLUTE
    __Vectors                                0x08000000   Data           4  startup_stm32l073xx.o(RESET)
    __Vectors_End                            0x080000c0   Data           0  startup_stm32l073xx.o(RESET)
    __main                                   0x080000c1   Thumb Code     8  __main.o(!!!main)
    __scatterload                            0x080000c9   Thumb Code     0  __scatter.o(!!!scatter)
    __scatterload_rt2                        0x080000c9   Thumb Code    74  __scatter.o(!!!scatter)
    __scatterload_rt2_thumb_only             0x080000c9   Thumb Code     0  __scatter.o(!!!scatter)
    __scatterload_loop                       0x080000d3   Thumb Code     0  __scatter.o(!!!scatter)
    __scatterload_copy                       0x0800011d   Thumb Code    26  __scatter_copy.o(!!handler_copy)
    __scatterload_null                       0x08000139   Thumb Code     2  __scatter.o(!!handler_null)
    __scatterload_zeroinit                   0x0800013d   Thumb Code    28  __scatter_zi.o(!!handler_zi)
    _printf_percent                          0x08000159   Thumb Code     0  _printf_percent.o(.ARM.Collect$$_printf_percent$$00000000)
    _printf_n                                0x0800015b   Thumb Code     0  _printf_n.o(.ARM.Collect$$_printf_percent$$00000001)
    _printf_p                                0x08000165   Thumb Code     0  _printf_p.o(.ARM.Collect$$_printf_percent$$00000002)
    _printf_f                                0x0800016f   Thumb Code     0  _printf_f.o(.ARM.Collect$$_printf_percent$$00000003)
    _printf_e                                0x08000179   Thumb Code     0  _printf_e.o(.ARM.Collect$$_printf_percent$$00000004)
    _printf_g                                0x08000183   Thumb Code     0  _printf_g.o(.ARM.Collect$$_printf_percent$$00000005)
    _printf_a                                0x0800018d   Thumb Code     0  _printf_a.o(.ARM.Collect$$_printf_percent$$00000006)
    _printf_ll                               0x08000197   Thumb Code     0  _printf_ll.o(.ARM.Collect$$_printf_percent$$00000007)
    _printf_i                                0x080001a1   Thumb Code     0  _printf_i.o(.ARM.Collect$$_printf_percent$$00000008)
    _printf_d                                0x080001ab   Thumb Code     0  _printf_d.o(.ARM.Collect$$_printf_percent$$00000009)
    _printf_u                                0x080001b5   Thumb Code     0  _printf_u.o(.ARM.Collect$$_printf_percent$$0000000A)
    _printf_o                                0x080001bf   Thumb Code     0  _printf_o.o(.ARM.Collect$$_printf_percent$$0000000B)
    _printf_x                                0x080001c9   Thumb Code     0  _printf_x.o(.ARM.Collect$$_printf_percent$$0000000C)
    _printf_lli                              0x080001d3   Thumb Code     0  _printf_lli.o(.ARM.Collect$$_printf_percent$$0000000D)
    _printf_lld                              0x080001dd   Thumb Code     0  _printf_lld.o(.ARM.Collect$$_printf_percent$$0000000E)
    _printf_llu                              0x080001e7   Thumb Code     0  _printf_llu.o(.ARM.Collect$$_printf_percent$$0000000F)
    _printf_llo                              0x080001f1   Thumb Code     0  _printf_llo.o(.ARM.Collect$$_printf_percent$$00000010)
    _printf_llx                              0x080001fb   Thumb Code     0  _printf_llx.o(.ARM.Collect$$_printf_percent$$00000011)
    _printf_l                                0x08000205   Thumb Code     0  _printf_l.o(.ARM.Collect$$_printf_percent$$00000012)
    _printf_c                                0x0800020f   Thumb Code     0  _printf_c.o(.ARM.Collect$$_printf_percent$$00000013)
    _printf_s                                0x08000219   Thumb Code     0  _printf_s.o(.ARM.Collect$$_printf_percent$$00000014)
    _printf_lc                               0x08000223   Thumb Code     0  _printf_lc.o(.ARM.Collect$$_printf_percent$$00000015)
    _printf_ls                               0x0800022d   Thumb Code     0  _printf_ls.o(.ARM.Collect$$_printf_percent$$00000016)
    _printf_percent_end                      0x08000237   Thumb Code     0  _printf_percent_end.o(.ARM.Collect$$_printf_percent$$00000017)
    __rt_lib_init                            0x0800023b   Thumb Code     0  libinit.o(.ARM.Collect$$libinit$$00000000)
    __rt_lib_init_fp_1                       0x0800023d   Thumb Code     0  libinit2.o(.ARM.Collect$$libinit$$00000002)
    __rt_lib_init_heap_1                     0x0800023d   Thumb Code     0  libinit2.o(.ARM.Collect$$libinit$$0000000C)
    __rt_lib_init_lc_common                  0x0800023d   Thumb Code     0  libinit2.o(.ARM.Collect$$libinit$$00000011)
    __rt_lib_init_preinit_1                  0x0800023d   Thumb Code     0  libinit2.o(.ARM.Collect$$libinit$$00000006)
    __rt_lib_init_rand_1                     0x0800023d   Thumb Code     0  libinit2.o(.ARM.Collect$$libinit$$00000010)
    __rt_lib_init_relocate_pie_1             0x0800023d   Thumb Code     0  libinit2.o(.ARM.Collect$$libinit$$00000004)
    __rt_lib_init_user_alloc_1               0x0800023d   Thumb Code     0  libinit2.o(.ARM.Collect$$libinit$$0000000E)
    __rt_lib_init_lc_collate_1               0x08000243   Thumb Code     0  libinit2.o(.ARM.Collect$$libinit$$00000013)
    __rt_lib_init_lc_ctype_2                 0x08000243   Thumb Code     0  libinit2.o(.ARM.Collect$$libinit$$00000014)
    __rt_lib_init_lc_ctype_1                 0x0800024f   Thumb Code     0  libinit2.o(.ARM.Collect$$libinit$$00000015)
    __rt_lib_init_lc_monetary_1              0x0800024f   Thumb Code     0  libinit2.o(.ARM.Collect$$libinit$$00000017)
    __rt_lib_init_lc_numeric_2               0x0800024f   Thumb Code     0  libinit2.o(.ARM.Collect$$libinit$$00000018)
    __rt_lib_init_alloca_1                   0x08000259   Thumb Code     0  libinit2.o(.ARM.Collect$$libinit$$00000030)
    __rt_lib_init_argv_1                     0x08000259   Thumb Code     0  libinit2.o(.ARM.Collect$$libinit$$0000002E)
    __rt_lib_init_atexit_1                   0x08000259   Thumb Code     0  libinit2.o(.ARM.Collect$$libinit$$0000001D)
    __rt_lib_init_clock_1                    0x08000259   Thumb Code     0  libinit2.o(.ARM.Collect$$libinit$$00000023)
    __rt_lib_init_cpp_1                      0x08000259   Thumb Code     0  libinit2.o(.ARM.Collect$$libinit$$00000034)
    __rt_lib_init_exceptions_1               0x08000259   Thumb Code     0  libinit2.o(.ARM.Collect$$libinit$$00000032)
    __rt_lib_init_fp_trap_1                  0x08000259   Thumb Code     0  libinit2.o(.ARM.Collect$$libinit$$00000021)
    __rt_lib_init_getenv_1                   0x08000259   Thumb Code     0  libinit2.o(.ARM.Collect$$libinit$$00000025)
    __rt_lib_init_lc_numeric_1               0x08000259   Thumb Code     0  libinit2.o(.ARM.Collect$$libinit$$00000019)
    __rt_lib_init_lc_time_1                  0x08000259   Thumb Code     0  libinit2.o(.ARM.Collect$$libinit$$0000001B)
    __rt_lib_init_return                     0x08000259   Thumb Code     0  libinit2.o(.ARM.Collect$$libinit$$00000035)
    __rt_lib_init_signal_1                   0x08000259   Thumb Code     0  libinit2.o(.ARM.Collect$$libinit$$0000001F)
    __rt_lib_init_stdio_1                    0x08000259   Thumb Code     0  libinit2.o(.ARM.Collect$$libinit$$00000027)
    __rt_lib_shutdown                        0x0800025b   Thumb Code     0  libshutdown.o(.ARM.Collect$$libshutdown$$00000000)
    __rt_lib_shutdown_cpp_1                  0x0800025d   Thumb Code     0  libshutdown2.o(.ARM.Collect$$libshutdown$$00000002)
    __rt_lib_shutdown_fp_trap_1              0x0800025d   Thumb Code     0  libshutdown2.o(.ARM.Collect$$libshutdown$$00000007)
    __rt_lib_shutdown_heap_1                 0x0800025d   Thumb Code     0  libshutdown2.o(.ARM.Collect$$libshutdown$$0000000F)
    __rt_lib_shutdown_return                 0x0800025d   Thumb Code     0  libshutdown2.o(.ARM.Collect$$libshutdown$$00000010)
    __rt_lib_shutdown_signal_1               0x0800025d   Thumb Code     0  libshutdown2.o(.ARM.Collect$$libshutdown$$0000000A)
    __rt_lib_shutdown_stdio_1                0x0800025d   Thumb Code     0  libshutdown2.o(.ARM.Collect$$libshutdown$$00000004)
    __rt_lib_shutdown_user_alloc_1           0x0800025d   Thumb Code     0  libshutdown2.o(.ARM.Collect$$libshutdown$$0000000C)
    __rt_entry                               0x0800025f   Thumb Code     0  __rtentry.o(.ARM.Collect$$rtentry$$00000000)
    __rt_entry_presh_1                       0x0800025f   Thumb Code     0  __rtentry2.o(.ARM.Collect$$rtentry$$00000002)
    __rt_entry_sh                            0x0800025f   Thumb Code     0  __rtentry4.o(.ARM.Collect$$rtentry$$00000004)
    __rt_entry_li                            0x08000265   Thumb Code     0  __rtentry2.o(.ARM.Collect$$rtentry$$0000000A)
    __rt_entry_postsh_1                      0x08000265   Thumb Code     0  __rtentry2.o(.ARM.Collect$$rtentry$$00000009)
    __rt_entry_main                          0x08000269   Thumb Code     0  __rtentry2.o(.ARM.Collect$$rtentry$$0000000D)
    __rt_entry_postli_1                      0x08000269   Thumb Code     0  __rtentry2.o(.ARM.Collect$$rtentry$$0000000C)
    __rt_exit                                0x08000271   Thumb Code     0  rtexit.o(.ARM.Collect$$rtexit$$00000000)
    __rt_exit_ls                             0x08000273   Thumb Code     0  rtexit2.o(.ARM.Collect$$rtexit$$00000003)
    __rt_exit_prels_1                        0x08000273   Thumb Code     0  rtexit2.o(.ARM.Collect$$rtexit$$00000002)
    __rt_exit_exit                           0x08000277   Thumb Code     0  rtexit2.o(.ARM.Collect$$rtexit$$00000004)
    Reset_Handler                            0x0800027d   Thumb Code     8  startup_stm32l073xx.o(.text)
    ADC1_COMP_IRQHandler                     0x0800028f   Thumb Code     0  startup_stm32l073xx.o(.text)
    DMA1_Channel2_3_IRQHandler               0x0800028f   Thumb Code     0  startup_stm32l073xx.o(.text)
    DMA1_Channel4_5_6_7_IRQHandler           0x0800028f   Thumb Code     0  startup_stm32l073xx.o(.text)
    EXTI0_1_IRQHandler                       0x0800028f   Thumb Code     0  startup_stm32l073xx.o(.text)
    EXTI2_3_IRQHandler                       0x0800028f   Thumb Code     0  startup_stm32l073xx.o(.text)
    EXTI4_15_IRQHandler                      0x0800028f   Thumb Code     0  startup_stm32l073xx.o(.text)
    FLASH_IRQHandler                         0x0800028f   Thumb Code     0  startup_stm32l073xx.o(.text)
    I2C1_IRQHandler                          0x0800028f   Thumb Code     0  startup_stm32l073xx.o(.text)
    I2C2_IRQHandler                          0x0800028f   Thumb Code     0  startup_stm32l073xx.o(.text)
    I2C3_IRQHandler                          0x0800028f   Thumb Code     0  startup_stm32l073xx.o(.text)
    LCD_IRQHandler                           0x0800028f   Thumb Code     0  startup_stm32l073xx.o(.text)
    LPTIM1_IRQHandler                        0x0800028f   Thumb Code     0  startup_stm32l073xx.o(.text)
    PVD_IRQHandler                           0x0800028f   Thumb Code     0  startup_stm32l073xx.o(.text)
    RCC_CRS_IRQHandler                       0x0800028f   Thumb Code     0  startup_stm32l073xx.o(.text)
    RNG_LPUART1_IRQHandler                   0x0800028f   Thumb Code     0  startup_stm32l073xx.o(.text)
    RTC_IRQHandler                           0x0800028f   Thumb Code     0  startup_stm32l073xx.o(.text)
    SPI1_IRQHandler                          0x0800028f   Thumb Code     0  startup_stm32l073xx.o(.text)
    SPI2_IRQHandler                          0x0800028f   Thumb Code     0  startup_stm32l073xx.o(.text)
    TIM21_IRQHandler                         0x0800028f   Thumb Code     0  startup_stm32l073xx.o(.text)
    TIM22_IRQHandler                         0x0800028f   Thumb Code     0  startup_stm32l073xx.o(.text)
    TIM2_IRQHandler                          0x0800028f   Thumb Code     0  startup_stm32l073xx.o(.text)
    TIM3_IRQHandler                          0x0800028f   Thumb Code     0  startup_stm32l073xx.o(.text)
    TIM6_DAC_IRQHandler                      0x0800028f   Thumb Code     0  startup_stm32l073xx.o(.text)
    TIM7_IRQHandler                          0x0800028f   Thumb Code     0  startup_stm32l073xx.o(.text)
    TSC_IRQHandler                           0x0800028f   Thumb Code     0  startup_stm32l073xx.o(.text)
    USART1_IRQHandler                        0x0800028f   Thumb Code     0  startup_stm32l073xx.o(.text)
    USART2_IRQHandler                        0x0800028f   Thumb Code     0  startup_stm32l073xx.o(.text)
    USART4_5_IRQHandler                      0x0800028f   Thumb Code     0  startup_stm32l073xx.o(.text)
    USB_IRQHandler                           0x0800028f   Thumb Code     0  startup_stm32l073xx.o(.text)
    WWDG_IRQHandler                          0x0800028f   Thumb Code     0  startup_stm32l073xx.o(.text)
    __user_initial_stackheap                 0x08000291   Thumb Code     0  startup_stm32l073xx.o(.text)
    __aeabi_uldivmod                         0x080002b5   Thumb Code   272  lludiv.o(.text)
    _ll_udiv                                 0x080002b5   Thumb Code     0  lludiv.o(.text)
    sprintf                                  0x080003c5   Thumb Code    40  sprintf.o(.text)
    strlen                                   0x080003f1   Thumb Code    62  strlen.o(.text)
    _memset_w                                0x08000435   Thumb Code    26  rt_memclr.o(.text)
    _memset                                  0x0800044f   Thumb Code    30  rt_memclr.o(.text)
    __aeabi_memclr                           0x0800046d   Thumb Code     4  rt_memclr.o(.text)
    __rt_memclr                              0x0800046d   Thumb Code     0  rt_memclr.o(.text)
    __aeabi_memclr4                          0x08000471   Thumb Code     0  rt_memclr.o(.text)
    __aeabi_memclr8                          0x08000471   Thumb Code     0  rt_memclr.o(.text)
    __rt_memclr_w                            0x08000471   Thumb Code     4  rt_memclr.o(.text)
    __aeabi_uidiv                            0x08000475   Thumb Code     0  aeabi_sdiv.o(.text)
    __aeabi_uidivmod                         0x08000475   Thumb Code    20  aeabi_sdiv.o(.text)
    __aeabi_idiv                             0x08000489   Thumb Code     0  aeabi_sdiv.o(.text)
    __aeabi_idivmod                          0x08000489   Thumb Code   338  aeabi_sdiv.o(.text)
    __use_two_region_memory                  0x080005e1   Thumb Code     2  heapauxi.o(.text)
    __rt_heap_escrow$2region                 0x080005e3   Thumb Code     2  heapauxi.o(.text)
    __rt_heap_expand$2region                 0x080005e5   Thumb Code     2  heapauxi.o(.text)
    __aeabi_f2d                              0x080005e9   Thumb Code     0  f2d.o(.text)
    __extendsfdf2                            0x080005e9   Thumb Code     0  f2d.o(.text)
    _f2d                                     0x080005e9   Thumb Code    80  f2d.o(.text)
    __aeabi_fdiv                             0x0800063d   Thumb Code     0  fdiv.o(.text)
    __divsf3                                 0x0800063d   Thumb Code     0  fdiv.o(.text)
    _fdiv                                    0x0800063d   Thumb Code   334  fdiv.o(.text)
    _frdiv                                   0x0800078b   Thumb Code     8  fdiv.o(.text)
    __aeabi_f2iz                             0x0800079d   Thumb Code     0  ffixi.o(.text)
    _ffix                                    0x0800079d   Thumb Code    76  ffixi.o(.text)
    __aeabi_i2f_normalise                    0x080007e9   Thumb Code    72  fflti.o(.text)
    __aeabi_i2f                              0x08000831   Thumb Code    16  fflti.o(.text)
    _fflt                                    0x08000831   Thumb Code     0  fflti.o(.text)
    __aeabi_ui2f                             0x08000841   Thumb Code     6  fflti.o(.text)
    _ffltu                                   0x08000841   Thumb Code     0  fflti.o(.text)
    _printf_pre_padding                      0x08000847   Thumb Code    44  _printf_pad.o(.text)
    _printf_post_padding                     0x08000873   Thumb Code    34  _printf_pad.o(.text)
    _printf_truncate_signed                  0x08000895   Thumb Code    18  _printf_truncate.o(.text)
    _printf_truncate_unsigned                0x080008a7   Thumb Code    18  _printf_truncate.o(.text)
    _printf_str                              0x080008b9   Thumb Code    82  _printf_str.o(.text)
    _printf_int_dec                          0x0800090d   Thumb Code    90  _printf_dec.o(.text)
    _printf_charcount                        0x08000979   Thumb Code    38  _printf_charcount.o(.text)
    _printf_char_common                      0x080009ab   Thumb Code    32  _printf_char_common.o(.text)
    _sputc                                   0x080009d1   Thumb Code    10  _sputc.o(.text)
    _printf_wctomb                           0x080009dd   Thumb Code   182  _printf_wctomb.o(.text)
    _printf_longlong_dec                     0x08000a99   Thumb Code    94  _printf_longlong_dec.o(.text)
    _printf_longlong_oct                     0x08000b09   Thumb Code    68  _printf_oct_int_ll.o(.text)
    _printf_int_oct                          0x08000b4d   Thumb Code    24  _printf_oct_int_ll.o(.text)
    _printf_ll_oct                           0x08000b65   Thumb Code    10  _printf_oct_int_ll.o(.text)
    _printf_longlong_hex                     0x08000b79   Thumb Code    88  _printf_hex_int_ll_ptr.o(.text)
    _printf_int_hex                          0x08000bd1   Thumb Code    28  _printf_hex_int_ll_ptr.o(.text)
    _printf_ll_hex                           0x08000bed   Thumb Code    10  _printf_hex_int_ll_ptr.o(.text)
    _printf_hex_ptr                          0x08000bf7   Thumb Code    22  _printf_hex_int_ll_ptr.o(.text)
    __printf                                 0x08000c11   Thumb Code   386  __printf_flags_ss_wp.o(.text)
    _ll_udiv10                               0x08000d99   Thumb Code   122  lludiv10.o(.text)
    _printf_int_common                       0x08000e13   Thumb Code   176  _printf_intcommon.o(.text)
    _printf_fp_dec_real                      0x08001061   Thumb Code   620  _printf_fp_dec.o(.text)
    _printf_fp_hex_real                      0x080012d9   Thumb Code   718  _printf_fp_hex.o(.text)
    _printf_cs_common                        0x080015b1   Thumb Code    22  _printf_char.o(.text)
    _printf_char                             0x080015c7   Thumb Code    16  _printf_char.o(.text)
    _printf_string                           0x080015d7   Thumb Code     8  _printf_char.o(.text)
    _printf_lcs_common                       0x080015df   Thumb Code    22  _printf_wchar.o(.text)
    _printf_wchar                            0x080015f5   Thumb Code    16  _printf_wchar.o(.text)
    _printf_wstring                          0x08001605   Thumb Code     8  _printf_wchar.o(.text)
    _c16rtomb                                0x0800160d   Thumb Code    66  _c16rtomb.o(.text)
    _wcrtomb                                 0x0800160d   Thumb Code     0  _c16rtomb.o(.text)
    __rt_udiv10                              0x0800164f   Thumb Code    40  rtudiv10.o(.text)
    __fpl_fcmp_InfNaN                        0x08001679   Thumb Code    96  fcmpin.o(.text)
    __user_setup_stackheap                   0x080016dd   Thumb Code    62  sys_stackheap_outer.o(.text)
    __rt_ctype_table                         0x0800171d   Thumb Code    16  rt_ctype_table.o(.text)
    __rt_locale                              0x0800172d   Thumb Code     8  rt_locale_intlibspace.o(.text)
    _printf_fp_infnan                        0x08001735   Thumb Code   120  _printf_fp_infnan.o(.text)
    _btod_etento                             0x080017bd   Thumb Code   210  bigflt0.o(.text)
    _btod_d2e                                0x08001895   Thumb Code    64  btod.o(.text)
    _btod_emul                               0x08001cc9   Thumb Code    28  btod.o(.text)
    _btod_emuld                              0x08001ce5   Thumb Code   144  btod.o(.text)
    _btod_ediv                               0x08001d75   Thumb Code    26  btod.o(.text)
    _btod_edivd                              0x08001d8f   Thumb Code   124  btod.o(.text)
    exit                                     0x08001e15   Thumb Code    16  exit.o(.text)
    __fpl_cmpreturn                          0x08001e25   Thumb Code    46  cmpret.o(.text)
    __fpl_fcheck_NaN2                        0x08001e55   Thumb Code    10  fnan2.o(.text)
    __user_libspace                          0x08001e65   Thumb Code     8  libspace.o(.text)
    __user_perproc_libspace                  0x08001e65   Thumb Code     0  libspace.o(.text)
    __user_perthread_libspace                0x08001e65   Thumb Code     0  libspace.o(.text)
    strcmp                                   0x08001e6d   Thumb Code   132  strcmp.o(.text)
    __fpl_return_NaN                         0x08001ef5   Thumb Code    94  retnan.o(.text)
    _sys_exit                                0x08001f55   Thumb Code     8  sys_exit.o(.text)
    __I$use$semihosting                      0x08001f61   Thumb Code     0  use_no_semi.o(.text)
    __use_no_semihosting_swi                 0x08001f61   Thumb Code     2  use_no_semi.o(.text)
    __semihosting_library_function           0x08001f63   Thumb Code     0  indicate_semi.o(.text)
    Calculate_Current                        0x080021f9   Thumb Code   472  main.o(.text.Calculate_Current)
    DMA1_Channel1_IRQHandler                 0x0800240d   Thumb Code    12  stm32l0xx_it.o(.text.DMA1_Channel1_IRQHandler)
    Error_Handler                            0x0800241d   Thumb Code    14  main.o(.text.Error_Handler)
    Format_mA                                0x0800242d   Thumb Code    72  main.o(.text.Format_mA)
    HAL_ADC_ConfigChannel                    0x0800247d   Thumb Code   336  stm32l0xx_hal_adc.o(.text.HAL_ADC_ConfigChannel)
    HAL_ADC_GetValue                         0x080025d9   Thumb Code    14  stm32l0xx_hal_adc.o(.text.HAL_ADC_GetValue)
    HAL_ADC_Init                             0x080025e9   Thumb Code   680  stm32l0xx_hal_adc.o(.text.HAL_ADC_Init)
    HAL_ADC_MspInit                          0x08002899   Thumb Code   160  adc.o(.text.HAL_ADC_MspInit)
    HAL_ADC_PollForConversion                0x0800294d   Thumb Code   352  stm32l0xx_hal_adc.o(.text.HAL_ADC_PollForConversion)
    HAL_ADC_Start                            0x08002aad   Thumb Code   180  stm32l0xx_hal_adc.o(.text.HAL_ADC_Start)
    HAL_ADC_Stop                             0x08002b65   Thumb Code   134  stm32l0xx_hal_adc.o(.text.HAL_ADC_Stop)
    HAL_DMA_IRQHandler                       0x08002beb   Thumb Code   348  stm32l0xx_hal_dma.o(.text.HAL_DMA_IRQHandler)
    HAL_DMA_Init                             0x08002d49   Thumb Code   204  stm32l0xx_hal_dma.o(.text.HAL_DMA_Init)
    HAL_Delay                                0x08002e25   Thumb Code    64  stm32l0xx_hal.o(.text.HAL_Delay)
    HAL_GPIO_Init                            0x08002e69   Thumb Code   744  stm32l0xx_hal_gpio.o(.text.HAL_GPIO_Init)
    HAL_GPIO_TogglePin                       0x0800317d   Thumb Code    36  stm32l0xx_hal_gpio.o(.text.HAL_GPIO_TogglePin)
    HAL_GPIO_WritePin                        0x080031a1   Thumb Code    44  stm32l0xx_hal_gpio.o(.text.HAL_GPIO_WritePin)
    HAL_GetTick                              0x080031cd   Thumb Code     8  stm32l0xx_hal.o(.text.HAL_GetTick)
    HAL_I2CEx_ConfigAnalogFilter             0x080031d9   Thumb Code   150  stm32l0xx_hal_i2c_ex.o(.text.HAL_I2CEx_ConfigAnalogFilter)
    HAL_I2CEx_ConfigDigitalFilter            0x0800326f   Thumb Code   160  stm32l0xx_hal_i2c_ex.o(.text.HAL_I2CEx_ConfigDigitalFilter)
    HAL_I2C_Init                             0x08003311   Thumb Code   284  stm32l0xx_hal_i2c.o(.text.HAL_I2C_Init)
    HAL_I2C_Master_Transmit                  0x08003431   Thumb Code   564  stm32l0xx_hal_i2c.o(.text.HAL_I2C_Master_Transmit)
    HAL_I2C_MspInit                          0x0800366d   Thumb Code   100  i2c.o(.text.HAL_I2C_MspInit)
    HAL_IncTick                              0x080036dd   Thumb Code    16  stm32l0xx_hal.o(.text.HAL_IncTick)
    HAL_Init                                 0x080036f1   Thumb Code    52  stm32l0xx_hal.o(.text.HAL_Init)
    HAL_InitTick                             0x08003729   Thumb Code   100  stm32l0xx_hal.o(.text.HAL_InitTick)
    HAL_MspInit                              0x08003799   Thumb Code    24  stm32l0xx_hal_msp.o(.text.HAL_MspInit)
    HAL_NVIC_EnableIRQ                       0x080037b9   Thumb Code    22  stm32l0xx_hal_cortex.o(.text.HAL_NVIC_EnableIRQ)
    HAL_NVIC_SetPriority                     0x080037cf   Thumb Code    28  stm32l0xx_hal_cortex.o(.text.HAL_NVIC_SetPriority)
    HAL_RCCEx_PeriphCLKConfig                0x080037ed   Thumb Code   852  stm32l0xx_hal_rcc_ex.o(.text.HAL_RCCEx_PeriphCLKConfig)
    HAL_RCC_ClockConfig                      0x08003b59   Thumb Code   744  stm32l0xx_hal_rcc.o(.text.HAL_RCC_ClockConfig)
    HAL_RCC_GetHCLKFreq                      0x08003e51   Thumb Code     8  stm32l0xx_hal_rcc.o(.text.HAL_RCC_GetHCLKFreq)
    HAL_RCC_GetPCLK1Freq                     0x08003e5d   Thumb Code    28  stm32l0xx_hal_rcc.o(.text.HAL_RCC_GetPCLK1Freq)
    HAL_RCC_GetPCLK2Freq                     0x08003e79   Thumb Code    28  stm32l0xx_hal_rcc.o(.text.HAL_RCC_GetPCLK2Freq)
    HAL_RCC_GetSysClockFreq                  0x08003e99   Thumb Code   260  stm32l0xx_hal_rcc.o(.text.HAL_RCC_GetSysClockFreq)
    HAL_RCC_OscConfig                        0x08003fb9   Thumb Code  2124  stm32l0xx_hal_rcc.o(.text.HAL_RCC_OscConfig)
    HAL_SYSTICK_Config                       0x08004829   Thumb Code    16  stm32l0xx_hal_cortex.o(.text.HAL_SYSTICK_Config)
    HAL_TIMEx_MasterConfigSynchronization    0x08004839   Thumb Code   204  stm32l0xx_hal_tim_ex.o(.text.HAL_TIMEx_MasterConfigSynchronization)
    HAL_TIM_Base_Init                        0x08004911   Thumb Code   128  stm32l0xx_hal_tim.o(.text.HAL_TIM_Base_Init)
    HAL_TIM_Base_MspInit                     0x08004991   Thumb Code    32  tim.o(.text.HAL_TIM_Base_MspInit)
    HAL_UART_Init                            0x080049b9   Thumb Code   176  stm32l0xx_hal_uart.o(.text.HAL_UART_Init)
    HAL_UART_MspInit                         0x08004a69   Thumb Code   100  usart.o(.text.HAL_UART_MspInit)
    HAL_UART_Transmit                        0x08004ad9   Thumb Code   352  stm32l0xx_hal_uart.o(.text.HAL_UART_Transmit)
    HardFault_Handler                        0x08004c3d   Thumb Code     4  stm32l0xx_it.o(.text.HardFault_Handler)
    MX_ADC_Init                              0x080050dd   Thumb Code   140  adc.o(.text.MX_ADC_Init)
    MX_DMA_Init                              0x08005175   Thumb Code    48  dma.o(.text.MX_DMA_Init)
    MX_GPIO_Init                             0x080051a9   Thumb Code   148  gpio.o(.text.MX_GPIO_Init)
    MX_I2C2_Init                             0x08005241   Thumb Code    96  i2c.o(.text.MX_I2C2_Init)
    MX_TIM6_Init                             0x080052ad   Thumb Code    76  tim.o(.text.MX_TIM6_Init)
    MX_USART2_UART_Init                      0x08005301   Thumb Code    60  usart.o(.text.MX_USART2_UART_Init)
    NMI_Handler                              0x08005345   Thumb Code     4  stm32l0xx_it.o(.text.NMI_Handler)
    OLED_Clear                               0x08005349   Thumb Code    60  ssd1306.o(.text.OLED_Clear)
    OLED_Init                                0x08005a51   Thumb Code   204  ssd1306.o(.text.OLED_Init)
    OLED_SetCursor                           0x08005b1d   Thumb Code    28  ssd1306.o(.text.OLED_SetCursor)
    OLED_Update                              0x08005b39   Thumb Code   140  ssd1306.o(.text.OLED_Update)
    OLED_WriteChar                           0x08005bc9   Thumb Code   160  ssd1306.o(.text.OLED_WriteChar)
    OLED_WriteString                         0x08005c75   Thumb Code    38  ssd1306.o(.text.OLED_WriteString)
    PendSV_Handler                           0x08005c9b   Thumb Code     2  stm32l0xx_it.o(.text.PendSV_Handler)
    Read_ADC_Channel                         0x08005c9d   Thumb Code   104  main.o(.text.Read_ADC_Channel)
    SVC_Handler                              0x08005d09   Thumb Code     2  stm32l0xx_it.o(.text.SVC_Handler)
    Send_Result_OLED                         0x08005d0d   Thumb Code   148  main.o(.text.Send_Result_OLED)
    Send_Result_UART                         0x08005db5   Thumb Code   100  main.o(.text.Send_Result_UART)
    SysTick_Handler                          0x08005e89   Thumb Code     8  stm32l0xx_it.o(.text.SysTick_Handler)
    SystemClock_Config                       0x08005e91   Thumb Code   152  main.o(.text.SystemClock_Config)
    SystemInit                               0x08005f2d   Thumb Code     2  system_stm32l0xx.o(.text.SystemInit)
    UART_AdvFeatureConfig                    0x08006001   Thumb Code   346  stm32l0xx_hal_uart.o(.text.UART_AdvFeatureConfig)
    UART_CheckIdleState                      0x0800615d   Thumb Code   344  stm32l0xx_hal_uart.o(.text.UART_CheckIdleState)
    UART_SetConfig                           0x08006369   Thumb Code  1252  stm32l0xx_hal_uart.o(.text.UART_SetConfig)
    UART_WaitOnFlagUntilTimeout              0x0800686d   Thumb Code   264  stm32l0xx_hal_uart.o(.text.UART_WaitOnFlagUntilTimeout)
    main                                     0x08006a25   Thumb Code   152  main.o(.text.main)
    my_abs                                   0x08006acd   Thumb Code    44  main.o(.text.my_abs)
    my_sqrt                                  0x08006af9   Thumb Code    94  main.o(.text.my_sqrt)
    __ARM_common_ll_muluu                    0x08006b57   Thumb Code    48  btod.o(i.__ARM_common_ll_muluu)
    __ARM_fpclassify                         0x08006b89   Thumb Code    40  fpclassify.o(i.__ARM_fpclassify)
    __aeabi_fcmpge                           0x08006bb5   Thumb Code     0  fcmp.o(i._fgeq)
    _fgeq                                    0x08006bb5   Thumb Code    22  fcmp.o(i._fgeq)
    __aeabi_fcmpgt                           0x08006bcb   Thumb Code     0  fcmp.o(i._fgr)
    _fgr                                     0x08006bcb   Thumb Code    22  fcmp.o(i._fgr)
    __aeabi_fcmple                           0x08006be1   Thumb Code     0  fcmp.o(i._fleq)
    _fleq                                    0x08006be1   Thumb Code    26  fcmp.o(i._fleq)
    _is_digit                                0x08006bfb   Thumb Code    14  __printf_wp.o(i._is_digit)
    _get_lc_numeric                          0x08006c09   Thumb Code    44  lc_numeric_c.o(locale$$code)
    _get_lc_ctype                            0x08006c35   Thumb Code    44  lc_ctype_c.o(locale$$code)
    __aeabi_fadd                             0x08006c61   Thumb Code     0  faddsub.o(x$fpl$fadd)
    _fadd                                    0x08006c61   Thumb Code   134  faddsub.o(x$fpl$fadd)
    _fcmpge                                  0x08006ced   Thumb Code    78  fgef.o(x$fpl$fgeqf)
    __aeabi_cfcmple                          0x08006d41   Thumb Code     0  flef.o(x$fpl$fleqf)
    _fcmple                                  0x08006d41   Thumb Code    78  flef.o(x$fpl$fleqf)
    __aeabi_fmul                             0x08006d95   Thumb Code     0  fmul.o(x$fpl$fmul)
    _fmul                                    0x08006d95   Thumb Code   172  fmul.o(x$fpl$fmul)
    __aeabi_fsub                             0x08006e45   Thumb Code     0  faddsub.o(x$fpl$fsub)
    _fsub                                    0x08006e45   Thumb Code   204  faddsub.o(x$fpl$fsub)
    _printf_fp_dec                           0x08006f15   Thumb Code    16  printf1.o(x$fpl$printf1)
    _printf_fp_hex                           0x08006f25   Thumb Code    16  printf2.o(x$fpl$printf2)
    __I$use$fp                               0x08006f34   Number         0  usenofp.o(x$fpl$usenofp)
    AHBPrescTable                            0x08007070   Data          16  system_stm32l0xx.o(.rodata.AHBPrescTable)
    APBPrescTable                            0x08007080   Data           8  system_stm32l0xx.o(.rodata.APBPrescTable)
    PLLMulTable                              0x08007088   Data           9  system_stm32l0xx.o(.rodata.PLLMulTable)
    Region$$Table$$Base                      0x08007108   Number         0  anon$$obj.o(Region$$Table)
    Region$$Table$$Limit                     0x08007128   Number         0  anon$$obj.o(Region$$Table)
    __ctype                                  0x08007151   Data           0  lc_ctype_c.o(locale$$data)
    SystemCoreClock                          0x20000000   Data           4  system_stm32l0xx.o(.data.SystemCoreClock)
    using_low_range                          0x20000004   Data           1  main.o(.data.using_low_range)
    uwTickFreq                               0x20000005   Data           1  stm32l0xx_hal.o(.data.uwTickFreq)
    uwTickPrio                               0x20000008   Data           4  stm32l0xx_hal.o(.data.uwTickPrio)
    __libspace_start                         0x20000010   Data          96  libspace.o(.bss)
    __temporary_stack_top$libspace           0x20000070   Data           0  libspace.o(.bss)
    hadc                                     0x20000070   Data          92  adc.o(.bss.hadc)
    hdma_adc                                 0x200000cc   Data          72  adc.o(.bss.hdma_adc)
    hi2c2                                    0x20000114   Data          84  i2c.o(.bss.hi2c2)
    high_samples                             0x20000168   Data         400  main.o(.bss.high_samples)
    htim6                                    0x200002f8   Data          64  tim.o(.bss.htim6)
    huart2                                   0x20000338   Data         136  usart.o(.bss.huart2)
    iamp_mA                                  0x200003c0   Data           4  main.o(.bss.iamp_mA)
    irms_mA                                  0x200003c4   Data           4  main.o(.bss.irms_mA)
    last_oled_update                         0x200003c8   Data           4  main.o(.bss.last_oled_update)
    low_samples                              0x200003cc   Data         400  main.o(.bss.low_samples)
    tx_buffer                                0x20000762   Data         128  main.o(.bss.tx_buffer)
    uwTick                                   0x200007e4   Data           4  stm32l0xx_hal.o(.bss.uwTick)



==============================================================================

Memory Map of the image

  Image Entry point : 0x080000c1

  Load Region LR_IROM1 (Base: 0x08000000, Size: 0x00007268, Max: 0x00030000, ABSOLUTE)

    Execution Region ER_IROM1 (Exec base: 0x08000000, Load base: 0x08000000, Size: 0x00007254, Max: 0x00030000, ABSOLUTE)

    Exec Addr    Load Addr    Size         Type   Attr      Idx    E Section Name        Object

    0x08000000   0x08000000   0x000000c0   Data   RO            3    RESET               startup_stm32l073xx.o
    0x080000c0   0x080000c0   0x00000008   Code   RO         1376  * !!!main             c_p.l(__main.o)
    0x080000c8   0x080000c8   0x00000054   Code   RO         1768    !!!scatter          c_p.l(__scatter.o)
    0x0800011c   0x0800011c   0x0000001a   Code   RO         1772    !!handler_copy      c_p.l(__scatter_copy.o)
    0x08000136   0x08000136   0x00000002   PAD
    0x08000138   0x08000138   0x00000002   Code   RO         1769    !!handler_null      c_p.l(__scatter.o)
    0x0800013a   0x0800013a   0x00000002   PAD
    0x0800013c   0x0800013c   0x0000001c   Code   RO         1774    !!handler_zi        c_p.l(__scatter_zi.o)
    0x08000158   0x08000158   0x00000002   Code   RO         1509    .ARM.Collect$$_printf_percent$$00000000  c_p.l(_printf_percent.o)
    0x0800015a   0x0800015a   0x0000000a   Code   RO         1498    .ARM.Collect$$_printf_percent$$00000001  c_p.l(_printf_n.o)
    0x08000164   0x08000164   0x0000000a   Code   RO         1500    .ARM.Collect$$_printf_percent$$00000002  c_p.l(_printf_p.o)
    0x0800016e   0x0800016e   0x0000000a   Code   RO         1505    .ARM.Collect$$_printf_percent$$00000003  c_p.l(_printf_f.o)
    0x08000178   0x08000178   0x0000000a   Code   RO         1506    .ARM.Collect$$_printf_percent$$00000004  c_p.l(_printf_e.o)
    0x08000182   0x08000182   0x0000000a   Code   RO         1507    .ARM.Collect$$_printf_percent$$00000005  c_p.l(_printf_g.o)
    0x0800018c   0x0800018c   0x0000000a   Code   RO         1508    .ARM.Collect$$_printf_percent$$00000006  c_p.l(_printf_a.o)
    0x08000196   0x08000196   0x0000000a   Code   RO         1513    .ARM.Collect$$_printf_percent$$00000007  c_p.l(_printf_ll.o)
    0x080001a0   0x080001a0   0x0000000a   Code   RO         1502    .ARM.Collect$$_printf_percent$$00000008  c_p.l(_printf_i.o)
    0x080001aa   0x080001aa   0x0000000a   Code   RO         1503    .ARM.Collect$$_printf_percent$$00000009  c_p.l(_printf_d.o)
    0x080001b4   0x080001b4   0x0000000a   Code   RO         1504    .ARM.Collect$$_printf_percent$$0000000A  c_p.l(_printf_u.o)
    0x080001be   0x080001be   0x0000000a   Code   RO         1501    .ARM.Collect$$_printf_percent$$0000000B  c_p.l(_printf_o.o)
    0x080001c8   0x080001c8   0x0000000a   Code   RO         1499    .ARM.Collect$$_printf_percent$$0000000C  c_p.l(_printf_x.o)
    0x080001d2   0x080001d2   0x0000000a   Code   RO         1510    .ARM.Collect$$_printf_percent$$0000000D  c_p.l(_printf_lli.o)
    0x080001dc   0x080001dc   0x0000000a   Code   RO         1511    .ARM.Collect$$_printf_percent$$0000000E  c_p.l(_printf_lld.o)
    0x080001e6   0x080001e6   0x0000000a   Code   RO         1512    .ARM.Collect$$_printf_percent$$0000000F  c_p.l(_printf_llu.o)
    0x080001f0   0x080001f0   0x0000000a   Code   RO         1517    .ARM.Collect$$_printf_percent$$00000010  c_p.l(_printf_llo.o)
    0x080001fa   0x080001fa   0x0000000a   Code   RO         1518    .ARM.Collect$$_printf_percent$$00000011  c_p.l(_printf_llx.o)
    0x08000204   0x08000204   0x0000000a   Code   RO         1514    .ARM.Collect$$_printf_percent$$00000012  c_p.l(_printf_l.o)
    0x0800020e   0x0800020e   0x0000000a   Code   RO         1496    .ARM.Collect$$_printf_percent$$00000013  c_p.l(_printf_c.o)
    0x08000218   0x08000218   0x0000000a   Code   RO         1497    .ARM.Collect$$_printf_percent$$00000014  c_p.l(_printf_s.o)
    0x08000222   0x08000222   0x0000000a   Code   RO         1515    .ARM.Collect$$_printf_percent$$00000015  c_p.l(_printf_lc.o)
    0x0800022c   0x0800022c   0x0000000a   Code   RO         1516    .ARM.Collect$$_printf_percent$$00000016  c_p.l(_printf_ls.o)
    0x08000236   0x08000236   0x00000004   Code   RO         1568    .ARM.Collect$$_printf_percent$$00000017  c_p.l(_printf_percent_end.o)
    0x0800023a   0x0800023a   0x00000002   Code   RO         1610    .ARM.Collect$$libinit$$00000000  c_p.l(libinit.o)
    0x0800023c   0x0800023c   0x00000000   Code   RO         1639    .ARM.Collect$$libinit$$00000002  c_p.l(libinit2.o)
    0x0800023c   0x0800023c   0x00000000   Code   RO         1641    .ARM.Collect$$libinit$$00000004  c_p.l(libinit2.o)
    0x0800023c   0x0800023c   0x00000000   Code   RO         1643    .ARM.Collect$$libinit$$00000006  c_p.l(libinit2.o)
    0x0800023c   0x0800023c   0x00000000   Code   RO         1646    .ARM.Collect$$libinit$$0000000C  c_p.l(libinit2.o)
    0x0800023c   0x0800023c   0x00000000   Code   RO         1648    .ARM.Collect$$libinit$$0000000E  c_p.l(libinit2.o)
    0x0800023c   0x0800023c   0x00000000   Code   RO         1650    .ARM.Collect$$libinit$$00000010  c_p.l(libinit2.o)
    0x0800023c   0x0800023c   0x00000006   Code   RO         1651    .ARM.Collect$$libinit$$00000011  c_p.l(libinit2.o)
    0x08000242   0x08000242   0x00000000   Code   RO         1653    .ARM.Collect$$libinit$$00000013  c_p.l(libinit2.o)
    0x08000242   0x08000242   0x0000000c   Code   RO         1654    .ARM.Collect$$libinit$$00000014  c_p.l(libinit2.o)
    0x0800024e   0x0800024e   0x00000000   Code   RO         1655    .ARM.Collect$$libinit$$00000015  c_p.l(libinit2.o)
    0x0800024e   0x0800024e   0x00000000   Code   RO         1657    .ARM.Collect$$libinit$$00000017  c_p.l(libinit2.o)
    0x0800024e   0x0800024e   0x0000000a   Code   RO         1658    .ARM.Collect$$libinit$$00000018  c_p.l(libinit2.o)
    0x08000258   0x08000258   0x00000000   Code   RO         1659    .ARM.Collect$$libinit$$00000019  c_p.l(libinit2.o)
    0x08000258   0x08000258   0x00000000   Code   RO         1661    .ARM.Collect$$libinit$$0000001B  c_p.l(libinit2.o)
    0x08000258   0x08000258   0x00000000   Code   RO         1663    .ARM.Collect$$libinit$$0000001D  c_p.l(libinit2.o)
    0x08000258   0x08000258   0x00000000   Code   RO         1665    .ARM.Collect$$libinit$$0000001F  c_p.l(libinit2.o)
    0x08000258   0x08000258   0x00000000   Code   RO         1667    .ARM.Collect$$libinit$$00000021  c_p.l(libinit2.o)
    0x08000258   0x08000258   0x00000000   Code   RO         1669    .ARM.Collect$$libinit$$00000023  c_p.l(libinit2.o)
    0x08000258   0x08000258   0x00000000   Code   RO         1671    .ARM.Collect$$libinit$$00000025  c_p.l(libinit2.o)
    0x08000258   0x08000258   0x00000000   Code   RO         1673    .ARM.Collect$$libinit$$00000027  c_p.l(libinit2.o)
    0x08000258   0x08000258   0x00000000   Code   RO         1677    .ARM.Collect$$libinit$$0000002E  c_p.l(libinit2.o)
    0x08000258   0x08000258   0x00000000   Code   RO         1679    .ARM.Collect$$libinit$$00000030  c_p.l(libinit2.o)
    0x08000258   0x08000258   0x00000000   Code   RO         1681    .ARM.Collect$$libinit$$00000032  c_p.l(libinit2.o)
    0x08000258   0x08000258   0x00000000   Code   RO         1683    .ARM.Collect$$libinit$$00000034  c_p.l(libinit2.o)
    0x08000258   0x08000258   0x00000002   Code   RO         1684    .ARM.Collect$$libinit$$00000035  c_p.l(libinit2.o)
    0x0800025a   0x0800025a   0x00000002   Code   RO         1723    .ARM.Collect$$libshutdown$$00000000  c_p.l(libshutdown.o)
    0x0800025c   0x0800025c   0x00000000   Code   RO         1751    .ARM.Collect$$libshutdown$$00000002  c_p.l(libshutdown2.o)
    0x0800025c   0x0800025c   0x00000000   Code   RO         1753    .ARM.Collect$$libshutdown$$00000004  c_p.l(libshutdown2.o)
    0x0800025c   0x0800025c   0x00000000   Code   RO         1756    .ARM.Collect$$libshutdown$$00000007  c_p.l(libshutdown2.o)
    0x0800025c   0x0800025c   0x00000000   Code   RO         1759    .ARM.Collect$$libshutdown$$0000000A  c_p.l(libshutdown2.o)
    0x0800025c   0x0800025c   0x00000000   Code   RO         1761    .ARM.Collect$$libshutdown$$0000000C  c_p.l(libshutdown2.o)
    0x0800025c   0x0800025c   0x00000000   Code   RO         1764    .ARM.Collect$$libshutdown$$0000000F  c_p.l(libshutdown2.o)
    0x0800025c   0x0800025c   0x00000002   Code   RO         1765    .ARM.Collect$$libshutdown$$00000010  c_p.l(libshutdown2.o)
    0x0800025e   0x0800025e   0x00000000   Code   RO         1419    .ARM.Collect$$rtentry$$00000000  c_p.l(__rtentry.o)
    0x0800025e   0x0800025e   0x00000000   Code   RO         1535    .ARM.Collect$$rtentry$$00000002  c_p.l(__rtentry2.o)
    0x0800025e   0x0800025e   0x00000006   Code   RO         1547    .ARM.Collect$$rtentry$$00000004  c_p.l(__rtentry4.o)
    0x08000264   0x08000264   0x00000000   Code   RO         1537    .ARM.Collect$$rtentry$$00000009  c_p.l(__rtentry2.o)
    0x08000264   0x08000264   0x00000004   Code   RO         1538    .ARM.Collect$$rtentry$$0000000A  c_p.l(__rtentry2.o)
    0x08000268   0x08000268   0x00000000   Code   RO         1540    .ARM.Collect$$rtentry$$0000000C  c_p.l(__rtentry2.o)
    0x08000268   0x08000268   0x00000008   Code   RO         1541    .ARM.Collect$$rtentry$$0000000D  c_p.l(__rtentry2.o)
    0x08000270   0x08000270   0x00000002   Code   RO         1623    .ARM.Collect$$rtexit$$00000000  c_p.l(rtexit.o)
    0x08000272   0x08000272   0x00000000   Code   RO         1692    .ARM.Collect$$rtexit$$00000002  c_p.l(rtexit2.o)
    0x08000272   0x08000272   0x00000004   Code   RO         1693    .ARM.Collect$$rtexit$$00000003  c_p.l(rtexit2.o)
    0x08000276   0x08000276   0x00000006   Code   RO         1694    .ARM.Collect$$rtexit$$00000004  c_p.l(rtexit2.o)
    0x0800027c   0x0800027c   0x00000038   Code   RO            4    .text               startup_stm32l073xx.o
    0x080002b4   0x080002b4   0x00000110   Code   RO         1362    .text               c_p.l(lludiv.o)
    0x080003c4   0x080003c4   0x0000002c   Code   RO         1364    .text               c_p.l(sprintf.o)
    0x080003f0   0x080003f0   0x00000044   Code   RO         1366    .text               c_p.l(strlen.o)
    0x08000434   0x08000434   0x00000040   Code   RO         1368    .text               c_p.l(rt_memclr.o)
    0x08000474   0x08000474   0x0000016c   Code   RO         1370    .text               c_p.l(aeabi_sdiv.o)
    0x080005e0   0x080005e0   0x00000006   Code   RO         1374    .text               c_p.l(heapauxi.o)
    0x080005e6   0x080005e6   0x00000002   PAD
    0x080005e8   0x080005e8   0x00000054   Code   RO         1378    .text               fz_ps.l(f2d.o)
    0x0800063c   0x0800063c   0x00000160   Code   RO         1410    .text               fz_ps.l(fdiv.o)
    0x0800079c   0x0800079c   0x0000004c   Code   RO         1413    .text               fz_ps.l(ffixi.o)
    0x080007e8   0x080007e8   0x0000005e   Code   RO         1415    .text               fz_ps.l(fflti.o)
    0x08000846   0x08000846   0x0000004e   Code   RO         1430    .text               c_p.l(_printf_pad.o)
    0x08000894   0x08000894   0x00000024   Code   RO         1432    .text               c_p.l(_printf_truncate.o)
    0x080008b8   0x080008b8   0x00000052   Code   RO         1434    .text               c_p.l(_printf_str.o)
    0x0800090a   0x0800090a   0x00000002   PAD
    0x0800090c   0x0800090c   0x0000006c   Code   RO         1436    .text               c_p.l(_printf_dec.o)
    0x08000978   0x08000978   0x00000026   Code   RO         1438    .text               c_p.l(_printf_charcount.o)
    0x0800099e   0x0800099e   0x00000002   PAD
    0x080009a0   0x080009a0   0x00000030   Code   RO         1440    .text               c_p.l(_printf_char_common.o)
    0x080009d0   0x080009d0   0x0000000a   Code   RO         1442    .text               c_p.l(_sputc.o)
    0x080009da   0x080009da   0x00000002   PAD
    0x080009dc   0x080009dc   0x000000bc   Code   RO         1444    .text               c_p.l(_printf_wctomb.o)
    0x08000a98   0x08000a98   0x00000070   Code   RO         1447    .text               c_p.l(_printf_longlong_dec.o)
    0x08000b08   0x08000b08   0x00000070   Code   RO         1453    .text               c_p.l(_printf_oct_int_ll.o)
    0x08000b78   0x08000b78   0x00000098   Code   RO         1473    .text               c_p.l(_printf_hex_int_ll_ptr.o)
    0x08000c10   0x08000c10   0x00000188   Code   RO         1493    .text               c_p.l(__printf_flags_ss_wp.o)
    0x08000d98   0x08000d98   0x0000007a   Code   RO         1551    .text               c_p.l(lludiv10.o)
    0x08000e12   0x08000e12   0x000000b0   Code   RO         1553    .text               c_p.l(_printf_intcommon.o)
    0x08000ec2   0x08000ec2   0x00000002   PAD
    0x08000ec4   0x08000ec4   0x00000414   Code   RO         1555    .text               c_p.l(_printf_fp_dec.o)
    0x080012d8   0x080012d8   0x000002d8   Code   RO         1559    .text               c_p.l(_printf_fp_hex.o)
    0x080015b0   0x080015b0   0x0000002e   Code   RO         1564    .text               c_p.l(_printf_char.o)
    0x080015de   0x080015de   0x0000002e   Code   RO         1566    .text               c_p.l(_printf_wchar.o)
    0x0800160c   0x0800160c   0x00000042   Code   RO         1569    .text               c_p.l(_c16rtomb.o)
    0x0800164e   0x0800164e   0x00000028   Code   RO         1571    .text               c_p.l(rtudiv10.o)
    0x08001676   0x08001676   0x00000002   PAD
    0x08001678   0x08001678   0x00000064   Code   RO         1573    .text               fz_ps.l(fcmpin.o)
    0x080016dc   0x080016dc   0x0000003e   Code   RO         1575    .text               c_p.l(sys_stackheap_outer.o)
    0x0800171a   0x0800171a   0x00000002   PAD
    0x0800171c   0x0800171c   0x00000010   Code   RO         1578    .text               c_p.l(rt_ctype_table.o)
    0x0800172c   0x0800172c   0x00000008   Code   RO         1583    .text               c_p.l(rt_locale_intlibspace.o)
    0x08001734   0x08001734   0x00000088   Code   RO         1585    .text               c_p.l(_printf_fp_infnan.o)
    0x080017bc   0x080017bc   0x000000d8   Code   RO         1587    .text               c_p.l(bigflt0.o)
    0x08001894   0x08001894   0x00000580   Code   RO         1590    .text               c_p.l(btod.o)
    0x08001e14   0x08001e14   0x00000010   Code   RO         1599    .text               c_p.l(exit.o)
    0x08001e24   0x08001e24   0x0000002e   Code   RO         1611    .text               fz_ps.l(cmpret.o)
    0x08001e52   0x08001e52   0x00000002   PAD
    0x08001e54   0x08001e54   0x00000010   Code   RO         1613    .text               fz_ps.l(fnan2.o)
    0x08001e64   0x08001e64   0x00000008   Code   RO         1619    .text               c_p.l(libspace.o)
    0x08001e6c   0x08001e6c   0x00000088   Code   RO         1636    .text               c_p.l(strcmp.o)
    0x08001ef4   0x08001ef4   0x0000005e   Code   RO         1685    .text               fz_ps.l(retnan.o)
    0x08001f52   0x08001f52   0x00000002   PAD
    0x08001f54   0x08001f54   0x0000000c   Code   RO         1687    .text               c_p.l(sys_exit.o)
    0x08001f60   0x08001f60   0x00000002   Code   RO         1712    .text               c_p.l(use_no_semi.o)
    0x08001f62   0x08001f62   0x00000000   Code   RO         1714    .text               c_p.l(indicate_semi.o)
    0x08001f62   0x08001f62   0x000000b4   Code   RO          180    .text.ADC_ConversionStop  stm32l0xx_hal_adc.o
    0x08002016   0x08002016   0x00000002   PAD
    0x08002018   0x08002018   0x00000038   Code   RO          224    .text.ADC_DelayMicroSecond  stm32l0xx_hal_adc.o
    0x08002050   0x08002050   0x000000d6   Code   RO          182    .text.ADC_Disable   stm32l0xx_hal_adc.o
    0x08002126   0x08002126   0x00000002   PAD
    0x08002128   0x08002128   0x000000d0   Code   RO          188    .text.ADC_Enable    stm32l0xx_hal_adc.o
    0x080021f8   0x080021f8   0x00000214   Code   RO           19    .text.Calculate_Current  main.o
    0x0800240c   0x0800240c   0x00000010   Code   RO          130    .text.DMA1_Channel1_IRQHandler  stm32l0xx_it.o
    0x0800241c   0x0800241c   0x0000000e   Code   RO           13    .text.Error_Handler  main.o
    0x0800242a   0x0800242a   0x00000002   PAD
    0x0800242c   0x0800242c   0x00000050   Code   RO           23    .text.Format_mA     main.o
    0x0800247c   0x0800247c   0x0000015c   Code   RO          222    .text.HAL_ADC_ConfigChannel  stm32l0xx_hal_adc.o
    0x080025d8   0x080025d8   0x0000000e   Code   RO          210    .text.HAL_ADC_GetValue  stm32l0xx_hal_adc.o
    0x080025e6   0x080025e6   0x00000002   PAD
    0x080025e8   0x080025e8   0x000002b0   Code   RO          174    .text.HAL_ADC_Init  stm32l0xx_hal_adc.o
    0x08002898   0x08002898   0x000000b4   Code   RO           57    .text.HAL_ADC_MspInit  adc.o
    0x0800294c   0x0800294c   0x00000160   Code   RO          192    .text.HAL_ADC_PollForConversion  stm32l0xx_hal_adc.o
    0x08002aac   0x08002aac   0x000000b8   Code   RO          186    .text.HAL_ADC_Start  stm32l0xx_hal_adc.o
    0x08002b64   0x08002b64   0x00000086   Code   RO          190    .text.HAL_ADC_Stop  stm32l0xx_hal_adc.o
    0x08002bea   0x08002bea   0x0000015c   Code   RO          755    .text.HAL_DMA_IRQHandler  stm32l0xx_hal_dma.o
    0x08002d46   0x08002d46   0x00000002   PAD
    0x08002d48   0x08002d48   0x000000dc   Code   RO          739    .text.HAL_DMA_Init  stm32l0xx_hal_dma.o
    0x08002e24   0x08002e24   0x00000044   Code   RO          280    .text.HAL_Delay     stm32l0xx_hal.o
    0x08002e68   0x08002e68   0x00000314   Code   RO          716    .text.HAL_GPIO_Init  stm32l0xx_hal_gpio.o
    0x0800317c   0x0800317c   0x00000024   Code   RO          724    .text.HAL_GPIO_TogglePin  stm32l0xx_hal_gpio.o
    0x080031a0   0x080031a0   0x0000002c   Code   RO          722    .text.HAL_GPIO_WritePin  stm32l0xx_hal_gpio.o
    0x080031cc   0x080031cc   0x0000000c   Code   RO          272    .text.HAL_GetTick   stm32l0xx_hal.o
    0x080031d8   0x080031d8   0x00000096   Code   RO          501    .text.HAL_I2CEx_ConfigAnalogFilter  stm32l0xx_hal_i2c_ex.o
    0x0800326e   0x0800326e   0x000000a0   Code   RO          503    .text.HAL_I2CEx_ConfigDigitalFilter  stm32l0xx_hal_i2c_ex.o
    0x0800330e   0x0800330e   0x00000002   PAD
    0x08003310   0x08003310   0x00000120   Code   RO          332    .text.HAL_I2C_Init  stm32l0xx_hal_i2c.o
    0x08003430   0x08003430   0x0000023c   Code   RO          340    .text.HAL_I2C_Master_Transmit  stm32l0xx_hal_i2c.o
    0x0800366c   0x0800366c   0x00000070   Code   RO           80    .text.HAL_I2C_MspInit  i2c.o
    0x080036dc   0x080036dc   0x00000014   Code   RO          270    .text.HAL_IncTick   stm32l0xx_hal.o
    0x080036f0   0x080036f0   0x00000038   Code   RO          260    .text.HAL_Init      stm32l0xx_hal.o
    0x08003728   0x08003728   0x00000070   Code   RO          262    .text.HAL_InitTick  stm32l0xx_hal.o
    0x08003798   0x08003798   0x00000020   Code   RO          139    .text.HAL_MspInit   stm32l0xx_hal_msp.o
    0x080037b8   0x080037b8   0x00000016   Code   RO          838    .text.HAL_NVIC_EnableIRQ  stm32l0xx_hal_cortex.o
    0x080037ce   0x080037ce   0x0000001c   Code   RO          834    .text.HAL_NVIC_SetPriority  stm32l0xx_hal_cortex.o
    0x080037ea   0x080037ea   0x00000002   PAD
    0x080037ec   0x080037ec   0x0000036c   Code   RO          553    .text.HAL_RCCEx_PeriphCLKConfig  stm32l0xx_hal_rcc_ex.o
    0x08003b58   0x08003b58   0x000002f8   Code   RO          526    .text.HAL_RCC_ClockConfig  stm32l0xx_hal_rcc.o
    0x08003e50   0x08003e50   0x0000000c   Code   RO          532    .text.HAL_RCC_GetHCLKFreq  stm32l0xx_hal_rcc.o
    0x08003e5c   0x08003e5c   0x0000001c   Code   RO          534    .text.HAL_RCC_GetPCLK1Freq  stm32l0xx_hal_rcc.o
    0x08003e78   0x08003e78   0x00000020   Code   RO          536    .text.HAL_RCC_GetPCLK2Freq  stm32l0xx_hal_rcc.o
    0x08003e98   0x08003e98   0x00000120   Code   RO          524    .text.HAL_RCC_GetSysClockFreq  stm32l0xx_hal_rcc.o
    0x08003fb8   0x08003fb8   0x00000870   Code   RO          522    .text.HAL_RCC_OscConfig  stm32l0xx_hal_rcc.o
    0x08004828   0x08004828   0x00000010   Code   RO          850    .text.HAL_SYSTICK_Config  stm32l0xx_hal_cortex.o
    0x08004838   0x08004838   0x000000d8   Code   RO         1163    .text.HAL_TIMEx_MasterConfigSynchronization  stm32l0xx_hal_tim_ex.o
    0x08004910   0x08004910   0x00000080   Code   RO          918    .text.HAL_TIM_Base_Init  stm32l0xx_hal_tim.o
    0x08004990   0x08004990   0x00000028   Code   RO           94    .text.HAL_TIM_Base_MspInit  tim.o
    0x080049b8   0x080049b8   0x000000b0   Code   RO         1174    .text.HAL_UART_Init  stm32l0xx_hal_uart.o
    0x08004a68   0x08004a68   0x00000070   Code   RO          108    .text.HAL_UART_MspInit  usart.o
    0x08004ad8   0x08004ad8   0x00000164   Code   RO         1194    .text.HAL_UART_Transmit  stm32l0xx_hal_uart.o
    0x08004c3c   0x08004c3c   0x00000004   Code   RO          122    .text.HardFault_Handler  stm32l0xx_it.o
    0x08004c40   0x08004c40   0x00000040   Code   RO          356    .text.I2C_Flush_TXDR  stm32l0xx_hal_i2c.o
    0x08004c80   0x08004c80   0x000001f8   Code   RO          492    .text.I2C_IsErrorOccurred  stm32l0xx_hal_i2c.o
    0x08004e78   0x08004e78   0x00000054   Code   RO          344    .text.I2C_TransferConfig  stm32l0xx_hal_i2c.o
    0x08004ecc   0x08004ecc   0x000000c2   Code   RO          342    .text.I2C_WaitOnFlagUntilTimeout  stm32l0xx_hal_i2c.o
    0x08004f8e   0x08004f8e   0x000000a0   Code   RO          348    .text.I2C_WaitOnSTOPFlagUntilTimeout  stm32l0xx_hal_i2c.o
    0x0800502e   0x0800502e   0x000000ac   Code   RO          346    .text.I2C_WaitOnTXISFlagUntilTimeout  stm32l0xx_hal_i2c.o
    0x080050da   0x080050da   0x00000002   PAD
    0x080050dc   0x080050dc   0x00000098   Code   RO           55    .text.MX_ADC_Init   adc.o
    0x08005174   0x08005174   0x00000034   Code   RO           70    .text.MX_DMA_Init   dma.o
    0x080051a8   0x080051a8   0x00000098   Code   RO           47    .text.MX_GPIO_Init  gpio.o
    0x08005240   0x08005240   0x0000006c   Code   RO           78    .text.MX_I2C2_Init  i2c.o
    0x080052ac   0x080052ac   0x00000054   Code   RO           92    .text.MX_TIM6_Init  tim.o
    0x08005300   0x08005300   0x00000044   Code   RO          106    .text.MX_USART2_UART_Init  usart.o
    0x08005344   0x08005344   0x00000004   Code   RO          120    .text.NMI_Handler   stm32l0xx_it.o
    0x08005348   0x08005348   0x0000004c   Code   RO          151    .text.OLED_Clear    ssd1306.o
    0x08005394   0x08005394   0x0000002c   Code   RO          149    .text.OLED_Command  ssd1306.o
    0x080053c0   0x080053c0   0x0000068e   Code   RO          159    .text.OLED_GetChar  ssd1306.o
    0x08005a4e   0x08005a4e   0x00000002   PAD
    0x08005a50   0x08005a50   0x000000cc   Code   RO          147    .text.OLED_Init     ssd1306.o
    0x08005b1c   0x08005b1c   0x0000001c   Code   RO          155    .text.OLED_SetCursor  ssd1306.o
    0x08005b38   0x08005b38   0x00000090   Code   RO          153    .text.OLED_Update   ssd1306.o
    0x08005bc8   0x08005bc8   0x000000ac   Code   RO          157    .text.OLED_WriteChar  ssd1306.o
    0x08005c74   0x08005c74   0x00000026   Code   RO          161    .text.OLED_WriteString  ssd1306.o
    0x08005c9a   0x08005c9a   0x00000002   Code   RO          126    .text.PendSV_Handler  stm32l0xx_it.o
    0x08005c9c   0x08005c9c   0x0000006c   Code   RO           11    .text.Read_ADC_Channel  main.o
    0x08005d08   0x08005d08   0x00000002   Code   RO          124    .text.SVC_Handler   stm32l0xx_it.o
    0x08005d0a   0x08005d0a   0x00000002   PAD
    0x08005d0c   0x08005d0c   0x000000a8   Code   RO           25    .text.Send_Result_OLED  main.o
    0x08005db4   0x08005db4   0x00000084   Code   RO           21    .text.Send_Result_UART  main.o
    0x08005e38   0x08005e38   0x00000050   Code   RO          852    .text.SysTick_Config  stm32l0xx_hal_cortex.o
    0x08005e88   0x08005e88   0x00000008   Code   RO          128    .text.SysTick_Handler  stm32l0xx_it.o
    0x08005e90   0x08005e90   0x0000009c   Code   RO           29    .text.SystemClock_Config  main.o
    0x08005f2c   0x08005f2c   0x00000002   Code   RO         1346    .text.SystemInit    system_stm32l0xx.o
    0x08005f2e   0x08005f2e   0x00000002   PAD
    0x08005f30   0x08005f30   0x000000d0   Code   RO          922    .text.TIM_Base_SetConfig  stm32l0xx_hal_tim.o
    0x08006000   0x08006000   0x0000015a   Code   RO         1178    .text.UART_AdvFeatureConfig  stm32l0xx_hal_uart.o
    0x0800615a   0x0800615a   0x00000002   PAD
    0x0800615c   0x0800615c   0x0000015c   Code   RO         1182    .text.UART_CheckIdleState  stm32l0xx_hal_uart.o
    0x080062b8   0x080062b8   0x000000b0   Code   RO         1230    .text.UART_EndRxTransfer  stm32l0xx_hal_uart.o
    0x08006368   0x08006368   0x00000504   Code   RO         1180    .text.UART_SetConfig  stm32l0xx_hal_uart.o
    0x0800686c   0x0800686c   0x00000108   Code   RO         1196    .text.UART_WaitOnFlagUntilTimeout  stm32l0xx_hal_uart.o
    0x08006974   0x08006974   0x0000002c   Code   RO          840    .text.__NVIC_EnableIRQ  stm32l0xx_hal_cortex.o
    0x080069a0   0x080069a0   0x00000084   Code   RO          836    .text.__NVIC_SetPriority  stm32l0xx_hal_cortex.o
    0x08006a24   0x08006a24   0x000000a8   Code   RO           27    .text.main          main.o
    0x08006acc   0x08006acc   0x0000002c   Code   RO           15    .text.my_abs        main.o
    0x08006af8   0x08006af8   0x0000005e   Code   RO           17    .text.my_sqrt       main.o
    0x08006b56   0x08006b56   0x00000030   Code   RO         1592    i.__ARM_common_ll_muluu  c_p.l(btod.o)
    0x08006b86   0x08006b86   0x00000002   PAD
    0x08006b88   0x08006b88   0x0000002c   Code   RO         1617    i.__ARM_fpclassify  m_ps.l(fpclassify.o)
    0x08006bb4   0x08006bb4   0x00000016   Code   RO         1393    i._fgeq             fz_ps.l(fcmp.o)
    0x08006bca   0x08006bca   0x00000016   Code   RO         1394    i._fgr              fz_ps.l(fcmp.o)
    0x08006be0   0x08006be0   0x0000001a   Code   RO         1395    i._fleq             fz_ps.l(fcmp.o)
    0x08006bfa   0x08006bfa   0x0000000e   Code   RO         1486    i._is_digit         c_p.l(__printf_wp.o)
    0x08006c08   0x08006c08   0x0000002c   Code   RO         1597    locale$$code        c_p.l(lc_numeric_c.o)
    0x08006c34   0x08006c34   0x0000002c   Code   RO         1630    locale$$code        c_p.l(lc_ctype_c.o)
    0x08006c60   0x08006c60   0x0000008c   Code   RO         1380    x$fpl$fadd          fz_ps.l(faddsub.o)
    0x08006cec   0x08006cec   0x00000054   Code   RO         1521    x$fpl$fgeqf         fz_ps.l(fgef.o)
    0x08006d40   0x08006d40   0x00000054   Code   RO         1523    x$fpl$fleqf         fz_ps.l(flef.o)
    0x08006d94   0x08006d94   0x000000b0   Code   RO         1417    x$fpl$fmul          fz_ps.l(fmul.o)
    0x08006e44   0x08006e44   0x000000d0   Code   RO         1382    x$fpl$fsub          fz_ps.l(faddsub.o)
    0x08006f14   0x08006f14   0x00000010   Code   RO         1525    x$fpl$printf1       fz_ps.l(printf1.o)
    0x08006f24   0x08006f24   0x00000010   Code   RO         1527    x$fpl$printf2       fz_ps.l(printf2.o)
    0x08006f34   0x08006f34   0x00000000   Code   RO         1533    x$fpl$usenofp       fz_ps.l(usenofp.o)
    0x08006f34   0x08006f34   0x00000040   Data   RO         1411    .constdata          fz_ps.l(fdiv.o)
    0x08006f74   0x08006f74   0x00000008   Data   RO         1445    .constdata          c_p.l(_printf_wctomb.o)
    0x08006f7c   0x08006f7c   0x00000028   Data   RO         1474    .constdata          c_p.l(_printf_hex_int_ll_ptr.o)
    0x08006fa4   0x08006fa4   0x00000011   Data   RO         1494    .constdata          c_p.l(__printf_flags_ss_wp.o)
    0x08006fb5   0x08006fb5   0x00000026   Data   RO         1560    .constdata          c_p.l(_printf_fp_hex.o)
    0x08006fdb   0x08006fdb   0x00000001   PAD
    0x08006fdc   0x08006fdc   0x00000094   Data   RO         1588    .constdata          c_p.l(bigflt0.o)
    0x08007070   0x08007070   0x00000010   Data   RO         1351    .rodata.AHBPrescTable  system_stm32l0xx.o
    0x08007080   0x08007080   0x00000008   Data   RO         1352    .rodata.APBPrescTable  system_stm32l0xx.o
    0x08007088   0x08007088   0x00000009   Data   RO         1353    .rodata.PLLMulTable  system_stm32l0xx.o
    0x08007091   0x08007091   0x00000077   Data   RO           38    .rodata.str1.1      main.o
    0x08007108   0x08007108   0x00000020   Data   RO         1767    Region$$Table       anon$$obj.o
    0x08007128   0x08007128   0x0000001c   Data   RO         1596    locale$$data        c_p.l(lc_numeric_c.o)
    0x08007144   0x08007144   0x00000110   Data   RO         1629    locale$$data        c_p.l(lc_ctype_c.o)


    Execution Region RW_IRAM1 (Exec base: 0x20000000, Load base: 0x08007258, Size: 0x000013e8, Max: 0x00005000, ABSOLUTE)

    Exec Addr    Load Addr    Size         Type   Attr      Idx    E Section Name        Object

    0x20000000   0x08007258   0x00000004   Data   RW         1350    .data.SystemCoreClock  system_stm32l0xx.o
    0x20000004   0x0800725c   0x00000001   Data   RW           33    .data.using_low_range  main.o
    0x20000005   0x0800725d   0x00000001   Data   RW          323    .data.uwTickFreq    stm32l0xx_hal.o
    0x20000006   0x0800725e   0x00000002   PAD
    0x20000008   0x08007260   0x00000004   Data   RW          322    .data.uwTickPrio    stm32l0xx_hal.o
    0x2000000c   0x08007264   0x00000004   PAD
    0x20000010        -       0x00000060   Zero   RW         1620    .bss                c_p.l(libspace.o)
    0x20000070        -       0x0000005c   Zero   RW           61    .bss.hadc           adc.o
    0x200000cc        -       0x00000048   Zero   RW           62    .bss.hdma_adc       adc.o
    0x20000114        -       0x00000054   Zero   RW           84    .bss.hi2c2          i2c.o
    0x20000168        -       0x00000190   Zero   RW           35    .bss.high_samples   main.o
    0x200002f8        -       0x00000040   Zero   RW           98    .bss.htim6          tim.o
    0x20000338        -       0x00000088   Zero   RW          112    .bss.huart2         usart.o
    0x200003c0        -       0x00000004   Zero   RW           32    .bss.iamp_mA        main.o
    0x200003c4        -       0x00000004   Zero   RW           31    .bss.irms_mA        main.o
    0x200003c8        -       0x00000004   Zero   RW           34    .bss.last_oled_update  main.o
    0x200003cc        -       0x00000190   Zero   RW           36    .bss.low_samples    main.o
    0x2000055c        -       0x00000200   Zero   RW          164    .bss.oled_buffer    ssd1306.o
    0x2000075c        -       0x00000004   Zero   RW          163    .bss.oled_i2c       ssd1306.o
    0x20000760        -       0x00000001   Zero   RW          166    .bss.oled_page      ssd1306.o
    0x20000761        -       0x00000001   Zero   RW          165    .bss.oled_x         ssd1306.o
    0x20000762        -       0x00000080   Zero   RW           37    .bss.tx_buffer      main.o
    0x200007e2   0x08007264   0x00000002   PAD
    0x200007e4        -       0x00000004   Zero   RW          324    .bss.uwTick         stm32l0xx_hal.o
    0x200007e8        -       0x00000400   Zero   RW            2    HEAP                startup_stm32l073xx.o
    0x20000be8        -       0x00000800   Zero   RW            1    STACK               startup_stm32l073xx.o


==============================================================================

Image component sizes


      Code (inc. data)   RO Data    RW Data    ZI Data      Debug   Object Name

       332         32          0          0        164       4686   adc.o
        52          4          0          0          0       1841   dma.o
       152          4          0          0          0       1857   gpio.o
       220         24          0          0         84       4728   i2c.o
      1496        144        119          1        940       5562   main.o
      2384        400          0          0        518       6564   ssd1306.o
        56         26        192          0       3072        608   startup_stm32l073xx.o
       268         28          0          5          4       6652   stm32l0xx_hal.o
      2378         36          0          0          0      10536   stm32l0xx_hal_adc.o
       322         24          0          0          0       6427   stm32l0xx_hal_cortex.o
       568         16          0          0          0       6244   stm32l0xx_hal_dma.o
       868         44          0          0          0       4707   stm32l0xx_hal_gpio.o
      2038         24          0          0          0      38140   stm32l0xx_hal_i2c.o
       310          0          0          0          0       5256   stm32l0xx_hal_i2c_ex.o
        32          8          0          0          0       1068   stm32l0xx_hal_msp.o
      3280        168          0          0          0       8886   stm32l0xx_hal_rcc.o
       876         24          0          0          0       7955   stm32l0xx_hal_rcc_ex.o
       336         12          0          0          0      35130   stm32l0xx_hal_tim.o
       216         12          0          0          0       4137   stm32l0xx_hal_tim_ex.o
      2950        232          0          0          0      35274   stm32l0xx_hal_uart.o
        36          4          0          0          0        790   stm32l0xx_it.o
         2          0         33          4          0       1898   system_stm32l0xx.o
       124         16          0          0         64       4389   tim.o
       180         20          0          0        136       4706   usart.o

    ----------------------------------------------------------------------
     19500       1302        376         12       4988     208041   Object Totals
         0          0         32          0          0          0   (incl. Generated)
        24          0          0          2          6          0   (incl. Padding)

    ----------------------------------------------------------------------

      Code (inc. data)   RO Data    RW Data    ZI Data      Debug   Library Member Name

         8          0          0          0          0         68   __main.o
       392          6         17          0          0         76   __printf_flags_ss_wp.o
        14          0          0          0          0         60   __printf_wp.o
         0          0          0          0          0          0   __rtentry.o
        12          0          0          0          0          0   __rtentry2.o
         6          0          0          0          0          0   __rtentry4.o
        86         10          0          0          0          0   __scatter.o
        26          0          0          0          0          0   __scatter_copy.o
        28          0          0          0          0          0   __scatter_zi.o
        66          0          0          0          0         76   _c16rtomb.o
        10          0          0          0          0          0   _printf_a.o
        10          0          0          0          0          0   _printf_c.o
        46          0          0          0          0        100   _printf_char.o
        48          6          0          0          0         88   _printf_char_common.o
        38          0          0          0          0         60   _printf_charcount.o
        10          0          0          0          0          0   _printf_d.o
       108         18          0          0          0         76   _printf_dec.o
        10          0          0          0          0          0   _printf_e.o
        10          0          0          0          0          0   _printf_f.o
      1044         12          0          0          0        116   _printf_fp_dec.o
       728         10         38          0          0         84   _printf_fp_hex.o
       136         16          0          0          0         76   _printf_fp_infnan.o
        10          0          0          0          0          0   _printf_g.o
       152          4         40          0          0        148   _printf_hex_int_ll_ptr.o
        10          0          0          0          0          0   _printf_i.o
       176          0          0          0          0         84   _printf_intcommon.o
        10          0          0          0          0          0   _printf_l.o
        10          0          0          0          0          0   _printf_lc.o
        10          0          0          0          0          0   _printf_ll.o
        10          0          0          0          0          0   _printf_lld.o
        10          0          0          0          0          0   _printf_lli.o
        10          0          0          0          0          0   _printf_llo.o
        10          0          0          0          0          0   _printf_llu.o
        10          0          0          0          0          0   _printf_llx.o
       112         18          0          0          0         76   _printf_longlong_dec.o
        10          0          0          0          0          0   _printf_ls.o
        10          0          0          0          0          0   _printf_n.o
        10          0          0          0          0          0   _printf_o.o
       112         10          0          0          0        112   _printf_oct_int_ll.o
        10          0          0          0          0          0   _printf_p.o
        78          0          0          0          0        100   _printf_pad.o
         2          0          0          0          0          0   _printf_percent.o
         4          0          0          0          0          0   _printf_percent_end.o
        10          0          0          0          0          0   _printf_s.o
        82          0          0          0          0         72   _printf_str.o
        36          0          0          0          0         76   _printf_truncate.o
        10          0          0          0          0          0   _printf_u.o
        46          0          0          0          0        100   _printf_wchar.o
       188          6          8          0          0         80   _printf_wctomb.o
        10          0          0          0          0          0   _printf_x.o
        10          0          0          0          0         60   _sputc.o
       364          4          0          0          0         92   aeabi_sdiv.o
       216          6        148          0          0         80   bigflt0.o
      1456         30          0          0          0        336   btod.o
        16          0          0          0          0         68   exit.o
         6          0          0          0          0        136   heapauxi.o
         0          0          0          0          0          0   indicate_semi.o
        44         10        272          0          0         76   lc_ctype_c.o
        44         10         28          0          0         76   lc_numeric_c.o
         2          0          0          0          0          0   libinit.o
        30          0          0          0          0          0   libinit2.o
         2          0          0          0          0          0   libshutdown.o
         2          0          0          0          0          0   libshutdown2.o
         8          4          0          0         96         68   libspace.o
       272          0          0          0          0         88   lludiv.o
       122          0          0          0          0         72   lludiv10.o
        16          4          0          0          0         76   rt_ctype_table.o
         8          4          0          0          0         68   rt_locale_intlibspace.o
        64          0          0          0          0        108   rt_memclr.o
         2          0          0          0          0          0   rtexit.o
        10          0          0          0          0          0   rtexit2.o
        40          0          0          0          0         60   rtudiv10.o
        44          4          0          0          0         84   sprintf.o
       136          4          0          0          0         72   strcmp.o
        68          6          0          0          0         72   strlen.o
        12          4          0          0          0         60   sys_exit.o
        62          0          0          0          0         80   sys_stackheap_outer.o
         2          0          0          0          0         68   use_no_semi.o
        46          0          0          0          0         60   cmpret.o
        84          4          0          0          0         60   f2d.o
       348          8          0          0          0        160   faddsub.o
        70          0          0          0          0        204   fcmp.o
       100          4          0          0          0         68   fcmpin.o
       352         10         64          0          0         92   fdiv.o
        76          0          0          0          0         68   ffixi.o
        94          0          0          0          0         92   fflti.o
        84          4          0          0          0         76   fgef.o
        84          4          0          0          0         76   flef.o
       176          4          0          0          0         80   fmul.o
        16          6          0          0          0         68   fnan2.o
        16          4          0          0          0         76   printf1.o
        16          4          0          0          0         76   printf2.o
        94          0          0          0          0         68   retnan.o
         0          0          0          0          0          0   usenofp.o
        44          4          0          0          0         60   fpclassify.o

    ----------------------------------------------------------------------
      8776        262        616          0         96       5012   Library Totals
        24          0          1          0          0          0   (incl. Padding)

    ----------------------------------------------------------------------

      Code (inc. data)   RO Data    RW Data    ZI Data      Debug   Library Name

      7052        206        551          0         96       3628   c_p.l
      1656         52         64          0          0       1324   fz_ps.l
        44          4          0          0          0         60   m_ps.l

    ----------------------------------------------------------------------
      8776        262        616          0         96       5012   Library Totals

    ----------------------------------------------------------------------

==============================================================================


      Code (inc. data)   RO Data    RW Data    ZI Data      Debug   

     28276       1564        992         12       5084     210117   Grand Totals
     28276       1564        992         12       5084     210117   ELF Image Totals
     28276       1564        992         12          0          0   ROM Totals

==============================================================================

    Total RO  Size (Code + RO Data)                29268 (  28.58kB)
    Total RW  Size (RW Data + ZI Data)              5096 (   4.98kB)
    Total ROM Size (Code + RO Data + RW Data)      29280 (  28.59kB)

==============================================================================

